grid: 27 x-cols x 20 y-rows = 540 cells x 1 rep(s) = 540 trials
[38;5;226m[Genesis] [12:04:58] [WARNING] Filtered out geometry pairs causing self-collision for the neutral configuration (qpos0): (10, 12), (11, 12), (13, 15), (14, 15). Consider tuning Morph option 'decompose_robot_error_threshold' or specify dedicated collision meshes. This behavior can be disabled by setting Morph option 'enable_neutral_collision=True'.[0m
env built in 3.8 s (splat_bg=False, render_backend=raster)
[1/540] x=+0.020 y=-0.288 rep0 rise=0.089 deliver=0.003 closeErr=0.002 clean=True | 3.46s avg=3.45s eta=31.0m | clean 1/1
[2/540] x=+0.020 y=-0.258 rep0 rise=0.090 deliver=0.002 closeErr=0.001 clean=True | 2.56s avg=3.01s eta=27.0m | clean 2/2
[3/540] x=+0.020 y=-0.228 rep0 rise=0.090 deliver=0.002 closeErr=0.001 clean=True | 2.54s avg=2.85s eta=25.5m | clean 3/3
[4/540] x=+0.020 y=-0.198 rep0 rise=0.089 deliver=0.004 closeErr=0.001 clean=True | 2.54s avg=2.77s eta=24.8m | clean 4/4
[5/540] x=+0.020 y=-0.168 rep0 rise=0.090 deliver=0.003 closeErr=0.000 clean=True | 2.54s avg=2.73s eta=24.3m | clean 5/5
[6/540] x=+0.020 y=-0.138 rep0 rise=0.225 deliver=0.229 closeErr=0.241 clean=False | 3.60s avg=2.87s eta=25.6m | clean 5/6
[7/540] x=+0.020 y=-0.108 rep0 rise=0.279 deliver=0.295 closeErr=0.294 clean=False | 4.02s avg=3.04s eta=27.0m | clean 5/7
[8/540] x=+0.020 y=-0.078 rep0 rise=0.243 deliver=0.252 closeErr=0.254 clean=False | 5.52s avg=3.35s eta=29.7m | clean 5/8
[9/540] x=+0.020 y=-0.048 rep0 rise=0.234 deliver=0.263 closeErr=0.283 clean=False | 8.04s avg=3.87s eta=34.2m | clean 5/9
[10/540] x=+0.020 y=-0.018 rep0 rise=0.283 deliver=0.306 closeErr=0.306 clean=False | 8.34s avg=4.31s eta=38.1m | clean 5/10
[11/540] x=+0.020 y=+0.012 rep0 rise=0.317 deliver=0.316 closeErr=0.338 clean=False | 8.41s avg=4.69s eta=41.3m | clean 5/11
[12/540] x=+0.020 y=+0.042 rep0 rise=0.196 deliver=0.248 closeErr=0.240 clean=False | 7.99s avg=4.96s eta=43.7m | clean 5/12
[13/540] x=+0.020 y=+0.072 rep0 rise=0.291 deliver=0.290 closeErr=0.327 clean=False | 5.54s avg=5.01s eta=44.0m | clean 5/13
[14/540] x=+0.020 y=+0.102 rep0 rise=0.186 deliver=0.159 closeErr=0.165 clean=False | 4.16s avg=4.95s eta=43.4m | clean 5/14
[15/540] x=+0.020 y=+0.132 rep0 rise=0.200 deliver=0.184 closeErr=0.201 clean=False | 3.78s avg=4.87s eta=42.6m | clean 5/15
[16/540] x=+0.020 y=+0.162 rep0 rise=0.031 deliver=0.093 closeErr=0.080 clean=False | 2.52s avg=4.72s eta=41.2m | clean 5/16
[17/540] x=+0.020 y=+0.192 rep0 rise=0.038 deliver=0.192 closeErr=0.139 clean=False | 2.49s avg=4.59s eta=40.0m | clean 5/17
[18/540] x=+0.020 y=+0.222 rep0 rise=0.053 deliver=0.082 closeErr=0.072 clean=False | 2.47s avg=4.47s eta=38.9m | clean 5/18
[19/540] x=+0.020 y=+0.252 rep0 rise=0.085 deliver=0.013 closeErr=0.013 clean=True | 2.55s avg=4.37s eta=38.0m | clean 6/19
[20/540] x=+0.020 y=+0.282 rep0 rise=0.089 deliver=0.003 closeErr=0.002 clean=True | 2.52s avg=4.28s eta=37.1m | clean 7/20
[21/540] x=+0.050 y=-0.288 rep0 rise=0.089 deliver=0.004 closeErr=0.001 clean=True | 2.52s avg=4.19s eta=36.3m | clean 8/21
[22/540] x=+0.050 y=-0.258 rep0 rise=0.090 deliver=0.003 closeErr=0.001 clean=True | 2.50s avg=4.12s eta=35.5m | clean 9/22
[23/540] x=+0.050 y=-0.228 rep0 rise=0.089 deliver=0.003 closeErr=0.001 clean=True | 2.51s avg=4.05s eta=34.9m | clean 10/23
[24/540] x=+0.050 y=-0.198 rep0 rise=0.090 deliver=0.003 closeErr=0.001 clean=True | 2.51s avg=3.98s eta=34.3m | clean 11/24
[25/540] x=+0.050 y=-0.168 rep0 rise=0.090 deliver=0.004 closeErr=0.002 clean=True | 2.52s avg=3.93s eta=33.7m | clean 12/25
/home/grifflee/repo/xarm-sim/scripts/spawn_feasibility.py:236: RuntimeWarning: Mean of empty slice
  col = np.nanmean(clean, axis=0)  # mean over y per x column
[26/540] x=+0.050 y=-0.138 rep0 rise=0.076 deliver=0.047 closeErr=0.042 clean=False | 2.52s avg=3.88s eta=33.2m | clean 12/26
[27/540] x=+0.050 y=-0.108 rep0 rise=0.135 deliver=0.100 closeErr=0.102 clean=False | 3.88s avg=3.88s eta=33.1m | clean 12/27
[28/540] x=+0.050 y=-0.078 rep0 rise=0.300 deliver=0.283 closeErr=0.316 clean=False | 5.11s avg=3.92s eta=33.5m | clean 12/28
[29/540] x=+0.050 y=-0.048 rep0 rise=0.262 deliver=0.183 closeErr=0.170 clean=False | 6.11s avg=4.00s eta=34.0m | clean 12/29
[30/540] x=+0.050 y=-0.018 rep0 rise=0.193 deliver=0.236 closeErr=0.244 clean=False | 7.65s avg=4.12s eta=35.0m | clean 12/30
[31/540] x=+0.050 y=+0.012 rep0 rise=0.202 deliver=0.214 closeErr=0.227 clean=False | 7.65s avg=4.23s eta=35.9m | clean 12/31
[32/540] x=+0.050 y=+0.042 rep0 rise=0.258 deliver=0.276 closeErr=0.310 clean=False | 5.96s avg=4.29s eta=36.3m | clean 12/32
[33/540] x=+0.050 y=+0.072 rep0 rise=0.279 deliver=0.266 closeErr=0.303 clean=False | 4.89s avg=4.30s eta=36.4m | clean 12/33
[34/540] x=+0.050 y=+0.102 rep0 rise=0.202 deliver=0.221 closeErr=0.237 clean=False | 3.99s avg=4.29s eta=36.2m | clean 12/34
[35/540] x=+0.050 y=+0.132 rep0 rise=0.239 deliver=0.306 closeErr=0.325 clean=False | 3.49s avg=4.27s eta=36.0m | clean 12/35
[36/540] x=+0.050 y=+0.162 rep0 rise=0.047 deliver=0.095 closeErr=0.084 clean=False | 2.49s avg=4.22s eta=35.5m | clean 12/36
[37/540] x=+0.050 y=+0.192 rep0 rise=0.076 deliver=0.023 closeErr=0.021 clean=False | 2.55s avg=4.18s eta=35.0m | clean 12/37
[38/540] x=+0.050 y=+0.222 rep0 rise=0.049 deliver=0.080 closeErr=0.067 clean=False | 2.46s avg=4.13s eta=34.6m | clean 12/38
[39/540] x=+0.050 y=+0.252 rep0 rise=0.086 deliver=0.005 closeErr=0.005 clean=True | 2.56s avg=4.09s eta=34.2m | clean 13/39
[40/540] x=+0.050 y=+0.282 rep0 rise=0.090 deliver=0.002 closeErr=0.001 clean=True | 2.54s avg=4.05s eta=33.8m | clean 14/40
[41/540] x=+0.080 y=-0.288 rep0 rise=0.089 deliver=0.003 closeErr=0.001 clean=True | 2.50s avg=4.02s eta=33.4m | clean 15/41
[42/540] x=+0.080 y=-0.258 rep0 rise=0.089 deliver=0.002 closeErr=0.001 clean=True | 2.50s avg=3.98s eta=33.1m | clean 16/42
[43/540] x=+0.080 y=-0.228 rep0 rise=0.089 deliver=0.002 closeErr=0.001 clean=True | 2.50s avg=3.95s eta=32.7m | clean 17/43
[44/540] x=+0.080 y=-0.198 rep0 rise=0.089 deliver=0.003 closeErr=0.001 clean=True | 2.50s avg=3.92s eta=32.4m | clean 18/44
[45/540] x=+0.080 y=-0.168 rep0 rise=0.089 deliver=0.002 closeErr=0.001 clean=True | 2.52s avg=3.88s eta=32.1m | clean 19/45
[46/540] x=+0.080 y=-0.138 rep0 rise=0.078 deliver=0.021 closeErr=0.022 clean=False | 2.52s avg=3.86s eta=31.7m | clean 19/46
[47/540] x=+0.080 y=-0.108 rep0 rise=0.208 deliver=0.209 closeErr=0.221 clean=False | 3.79s avg=3.85s eta=31.7m | clean 19/47
[48/540] x=+0.080 y=-0.078 rep0 rise=0.211 deliver=0.247 closeErr=0.258 clean=False | 4.15s avg=3.86s eta=31.7m | clean 19/48
[49/540] x=+0.080 y=-0.048 rep0 rise=0.199 deliver=0.211 closeErr=0.227 clean=False | 4.67s avg=3.88s eta=31.7m | clean 19/49
[50/540] x=+0.080 y=-0.018 rep0 rise=0.199 deliver=0.199 closeErr=0.213 clean=False | 5.15s avg=3.90s eta=31.9m | clean 19/50
[51/540] x=+0.080 y=+0.012 rep0 rise=0.347 deliver=0.305 closeErr=0.299 clean=False | 5.03s avg=3.92s eta=32.0m | clean 19/51
[52/540] x=+0.080 y=+0.042 rep0 rise=0.329 deliver=0.305 closeErr=0.343 clean=False | 4.56s avg=3.94s eta=32.0m | clean 19/52
[53/540] x=+0.080 y=+0.072 rep0 rise=0.312 deliver=0.288 closeErr=0.295 clean=False | 4.13s avg=3.94s eta=32.0m | clean 19/53
[54/540] x=+0.080 y=+0.102 rep0 rise=0.245 deliver=0.333 closeErr=0.333 clean=False | 3.91s avg=3.94s eta=31.9m | clean 19/54
[55/540] x=+0.080 y=+0.132 rep0 rise=0.039 deliver=0.113 closeErr=0.100 clean=False | 2.51s avg=3.91s eta=31.6m | clean 19/55
[56/540] x=+0.080 y=+0.162 rep0 rise=0.058 deliver=0.079 closeErr=0.070 clean=False | 2.49s avg=3.89s eta=31.4m | clean 19/56
[57/540] x=+0.080 y=+0.192 rep0 rise=0.045 deliver=0.098 closeErr=0.078 clean=False | 2.46s avg=3.86s eta=31.1m | clean 19/57
[58/540] x=+0.080 y=+0.222 rep0 rise=0.085 deliver=0.008 closeErr=0.008 clean=True | 2.56s avg=3.84s eta=30.9m | clean 20/58
[59/540] x=+0.080 y=+0.252 rep0 rise=0.089 deliver=0.003 closeErr=0.002 clean=True | 2.50s avg=3.82s eta=30.6m | clean 21/59
[60/540] x=+0.080 y=+0.282 rep0 rise=0.089 deliver=0.003 closeErr=0.001 clean=True | 2.52s avg=3.80s eta=30.4m | clean 22/60
[61/540] x=+0.110 y=-0.288 rep0 rise=0.090 deliver=0.002 closeErr=0.001 clean=True | 2.54s avg=3.78s eta=30.1m | clean 23/61
[62/540] x=+0.110 y=-0.258 rep0 rise=0.089 deliver=0.003 closeErr=0.001 clean=True | 2.49s avg=3.76s eta=29.9m | clean 24/62
[63/540] x=+0.110 y=-0.228 rep0 rise=0.089 deliver=0.003 closeErr=0.001 clean=True | 2.50s avg=3.74s eta=29.7m | clean 25/63
[64/540] x=+0.110 y=-0.198 rep0 rise=0.089 deliver=0.003 closeErr=0.001 clean=True | 2.50s avg=3.72s eta=29.5m | clean 26/64
[65/540] x=+0.110 y=-0.168 rep0 rise=0.089 deliver=0.003 closeErr=0.001 clean=True | 2.50s avg=3.70s eta=29.3m | clean 27/65
[66/540] x=+0.110 y=-0.138 rep0 rise=0.089 deliver=0.003 closeErr=0.001 clean=True | 2.51s avg=3.68s eta=29.1m | clean 28/66
[67/540] x=+0.110 y=-0.108 rep0 rise=0.162 deliver=0.166 closeErr=0.175 clean=False | 3.20s avg=3.67s eta=28.9m | clean 28/67
[68/540] x=+0.110 y=-0.078 rep0 rise=0.209 deliver=0.210 closeErr=0.225 clean=False | 4.13s avg=3.68s eta=28.9m | clean 28/68
[69/540] x=+0.110 y=-0.048 rep0 rise=0.324 deliver=0.310 closeErr=0.344 clean=False | 3.92s avg=3.68s eta=28.9m | clean 28/69
[70/540] x=+0.110 y=-0.018 rep0 rise=0.201 deliver=0.192 closeErr=0.210 clean=False | 4.12s avg=3.69s eta=28.9m | clean 28/70
[71/540] x=+0.110 y=+0.012 rep0 rise=0.228 deliver=0.208 closeErr=0.224 clean=False | 4.05s avg=3.69s eta=28.9m | clean 28/71
[72/540] x=+0.110 y=+0.042 rep0 rise=0.252 deliver=0.252 closeErr=0.268 clean=False | 3.90s avg=3.70s eta=28.8m | clean 28/72
[73/540] x=+0.110 y=+0.072 rep0 rise=0.225 deliver=0.287 closeErr=0.287 clean=False | 3.83s avg=3.70s eta=28.8m | clean 28/73
[74/540] x=+0.110 y=+0.102 rep0 rise=0.114 deliver=0.088 closeErr=0.089 clean=False | 3.23s avg=3.69s eta=28.7m | clean 28/74
[75/540] x=+0.110 y=+0.132 rep0 rise=0.067 deliver=0.048 closeErr=0.045 clean=False | 2.43s avg=3.68s eta=28.5m | clean 28/75
[76/540] x=+0.110 y=+0.162 rep0 rise=0.089 deliver=0.003 closeErr=0.001 clean=True | 2.51s avg=3.66s eta=28.3m | clean 29/76
[77/540] x=+0.110 y=+0.192 rep0 rise=0.066 deliver=0.041 closeErr=0.036 clean=False | 2.43s avg=3.64s eta=28.1m | clean 29/77
[78/540] x=+0.110 y=+0.222 rep0 rise=0.079 deliver=0.034 closeErr=0.027 clean=False | 2.52s avg=3.63s eta=28.0m | clean 29/78
[79/540] x=+0.110 y=+0.252 rep0 rise=0.089 deliver=0.003 closeErr=0.001 clean=True | 2.51s avg=3.62s eta=27.8m | clean 30/79
[80/540] x=+0.110 y=+0.282 rep0 rise=0.089 deliver=0.003 closeErr=0.002 clean=True | 2.52s avg=3.60s eta=27.6m | clean 31/80
[81/540] x=+0.140 y=-0.288 rep0 rise=0.089 deliver=0.003 closeErr=0.002 clean=True | 2.52s avg=3.59s eta=27.5m | clean 32/81
[82/540] x=+0.140 y=-0.258 rep0 rise=0.090 deliver=0.002 closeErr=0.002 clean=True | 2.54s avg=3.58s eta=27.3m | clean 33/82
[83/540] x=+0.140 y=-0.228 rep0 rise=0.089 deliver=0.003 closeErr=0.001 clean=True | 2.50s avg=3.56s eta=27.1m | clean 34/83
[84/540] x=+0.140 y=-0.198 rep0 rise=0.089 deliver=0.003 closeErr=0.001 clean=True | 2.51s avg=3.55s eta=27.0m | clean 35/84
[85/540] x=+0.140 y=-0.168 rep0 rise=0.089 deliver=0.003 closeErr=0.000 clean=True | 2.50s avg=3.54s eta=26.8m | clean 36/85
[86/540] x=+0.140 y=-0.138 rep0 rise=0.089 deliver=0.003 closeErr=0.002 clean=True | 2.49s avg=3.53s eta=26.7m | clean 37/86
[87/540] x=+0.140 y=-0.108 rep0 rise=0.089 deliver=0.002 closeErr=0.002 clean=True | 2.49s avg=3.51s eta=26.5m | clean 38/87
[88/540] x=+0.140 y=-0.078 rep0 rise=0.073 deliver=0.022 closeErr=0.020 clean=False | 2.49s avg=3.50s eta=26.4m | clean 38/88
[89/540] x=+0.140 y=-0.048 rep0 rise=0.269 deliver=0.368 closeErr=0.356 clean=False | 3.35s avg=3.50s eta=26.3m | clean 38/89
[90/540] x=+0.140 y=-0.018 rep0 rise=0.169 deliver=0.164 closeErr=0.170 clean=False | 3.54s avg=3.50s eta=26.3m | clean 38/90
[91/540] x=+0.140 y=+0.012 rep0 rise=0.252 deliver=0.265 closeErr=0.287 clean=False | 3.58s avg=3.50s eta=26.2m | clean 38/91
[92/540] x=+0.140 y=+0.042 rep0 rise=0.188 deliver=0.215 closeErr=0.227 clean=False | 3.28s avg=3.50s eta=26.1m | clean 38/92
[93/540] x=+0.140 y=+0.072 rep0 rise=0.061 deliver=0.049 closeErr=0.043 clean=False | 2.42s avg=3.49s eta=26.0m | clean 38/93
[94/540] x=+0.140 y=+0.102 rep0 rise=0.080 deliver=0.015 closeErr=0.014 clean=True | 2.52s avg=3.48s eta=25.9m | clean 39/94
[95/540] x=+0.140 y=+0.132 rep0 rise=0.089 deliver=0.003 closeErr=0.001 clean=True | 2.50s avg=3.47s eta=25.7m | clean 40/95
[96/540] x=+0.140 y=+0.162 rep0 rise=0.089 deliver=0.003 closeErr=0.001 clean=True | 2.50s avg=3.46s eta=25.6m | clean 41/96
[97/540] x=+0.140 y=+0.192 rep0 rise=0.089 deliver=0.003 closeErr=0.000 clean=True | 2.51s avg=3.45s eta=25.5m | clean 42/97
[98/540] x=+0.140 y=+0.222 rep0 rise=0.089 deliver=0.002 closeErr=0.001 clean=True | 2.53s avg=3.44s eta=25.3m | clean 43/98
[99/540] x=+0.140 y=+0.252 rep0 rise=0.089 deliver=0.003 closeErr=0.002 clean=True | 2.50s avg=3.43s eta=25.2m | clean 44/99
[100/540] x=+0.140 y=+0.282 rep0 rise=0.089 deliver=0.003 closeErr=0.001 clean=True | 2.52s avg=3.42s eta=25.1m | clean 45/100
[101/540] x=+0.170 y=-0.288 rep0 rise=0.089 deliver=0.003 closeErr=0.002 clean=True | 2.52s avg=3.41s eta=25.0m | clean 46/101
[102/540] x=+0.170 y=-0.258 rep0 rise=0.089 deliver=0.003 closeErr=0.001 clean=True | 2.49s avg=3.40s eta=24.8m | clean 47/102
[103/540] x=+0.170 y=-0.228 rep0 rise=0.089 deliver=0.003 closeErr=0.001 clean=True | 2.48s avg=3.39s eta=24.7m | clean 48/103
[104/540] x=+0.170 y=-0.198 rep0 rise=0.089 deliver=0.003 closeErr=0.002 clean=True | 2.49s avg=3.39s eta=24.6m | clean 49/104
[105/540] x=+0.170 y=-0.168 rep0 rise=0.089 deliver=0.003 closeErr=0.002 clean=True | 2.48s avg=3.38s eta=24.5m | clean 50/105
[106/540] x=+0.170 y=-0.138 rep0 rise=0.089 deliver=0.003 closeErr=0.001 clean=True | 2.49s avg=3.37s eta=24.4m | clean 51/106
[107/540] x=+0.170 y=-0.108 rep0 rise=0.089 deliver=0.003 closeErr=0.000 clean=True | 2.49s avg=3.36s eta=24.3m | clean 52/107
[108/540] x=+0.170 y=-0.078 rep0 rise=0.089 deliver=0.003 closeErr=0.000 clean=True | 2.48s avg=3.35s eta=24.1m | clean 53/108
[109/540] x=+0.170 y=-0.048 rep0 rise=0.089 deliver=0.003 closeErr=0.001 clean=True | 2.48s avg=3.34s eta=24.0m | clean 54/109
[110/540] x=+0.170 y=-0.018 rep0 rise=0.087 deliver=0.004 closeErr=0.001 clean=True | 2.52s avg=3.34s eta=23.9m | clean 55/110
[111/540] x=+0.170 y=+0.012 rep0 rise=0.086 deliver=0.003 closeErr=0.001 clean=True | 2.50s avg=3.33s eta=23.8m | clean 56/111
[112/540] x=+0.170 y=+0.042 rep0 rise=0.090 deliver=0.003 closeErr=0.000 clean=True | 2.48s avg=3.32s eta=23.7m | clean 57/112
[113/540] x=+0.170 y=+0.072 rep0 rise=0.089 deliver=0.002 closeErr=0.002 clean=True | 2.47s avg=3.31s eta=23.6m | clean 58/113
[114/540] x=+0.170 y=+0.102 rep0 rise=0.089 deliver=0.003 closeErr=0.002 clean=True | 2.46s avg=3.31s eta=23.5m | clean 59/114
[115/540] x=+0.170 y=+0.132 rep0 rise=0.089 deliver=0.003 closeErr=0.002 clean=True | 2.48s avg=3.30s eta=23.4m | clean 60/115
[116/540] x=+0.170 y=+0.162 rep0 rise=0.089 deliver=0.002 closeErr=0.002 clean=True | 2.47s avg=3.29s eta=23.3m | clean 61/116
[117/540] x=+0.170 y=+0.192 rep0 rise=0.089 deliver=0.003 closeErr=0.000 clean=True | 2.50s avg=3.29s eta=23.2m | clean 62/117
[118/540] x=+0.170 y=+0.222 rep0 rise=0.089 deliver=0.003 closeErr=0.000 clean=True | 2.49s avg=3.28s eta=23.1m | clean 63/118
[119/540] x=+0.170 y=+0.252 rep0 rise=0.089 deliver=0.003 closeErr=0.002 clean=True | 2.50s avg=3.27s eta=23.0m | clean 64/119
[120/540] x=+0.170 y=+0.282 rep0 rise=0.089 deliver=0.003 closeErr=0.002 clean=True | 2.52s avg=3.27s eta=22.9m | clean 65/120
[121/540] x=+0.200 y=-0.288 rep0 rise=0.089 deliver=0.003 closeErr=0.001 clean=True | 2.51s avg=3.26s eta=22.8m | clean 66/121
[122/540] x=+0.200 y=-0.258 rep0 rise=0.089 deliver=0.003 closeErr=0.002 clean=True | 2.50s avg=3.25s eta=22.7m | clean 67/122
[123/540] x=+0.200 y=-0.228 rep0 rise=0.089 deliver=0.003 closeErr=0.001 clean=True | 2.48s avg=3.25s eta=22.6m | clean 68/123
[124/540] x=+0.200 y=-0.198 rep0 rise=0.089 deliver=0.003 closeErr=0.002 clean=True | 2.48s avg=3.24s eta=22.5m | clean 69/124
[125/540] x=+0.200 y=-0.168 rep0 rise=0.089 deliver=0.003 closeErr=0.000 clean=True | 2.49s avg=3.24s eta=22.4m | clean 70/125
[126/540] x=+0.200 y=-0.138 rep0 rise=0.089 deliver=0.003 closeErr=0.002 clean=True | 2.47s avg=3.23s eta=22.3m | clean 71/126
[127/540] x=+0.200 y=-0.108 rep0 rise=0.089 deliver=0.003 closeErr=0.000 clean=True | 2.49s avg=3.22s eta=22.2m | clean 72/127
[128/540] x=+0.200 y=-0.078 rep0 rise=0.089 deliver=0.002 closeErr=0.001 clean=True | 2.48s avg=3.22s eta=22.1m | clean 73/128
[129/540] x=+0.200 y=-0.048 rep0 rise=0.089 deliver=0.003 closeErr=0.000 clean=True | 2.48s avg=3.21s eta=22.0m | clean 74/129
[130/540] x=+0.200 y=-0.018 rep0 rise=0.089 deliver=0.002 closeErr=0.001 clean=True | 2.47s avg=3.21s eta=21.9m | clean 75/130
[131/540] x=+0.200 y=+0.012 rep0 rise=0.089 deliver=0.002 closeErr=0.001 clean=True | 2.49s avg=3.20s eta=21.8m | clean 76/131
[132/540] x=+0.200 y=+0.042 rep0 rise=0.089 deliver=0.002 closeErr=0.001 clean=True | 2.47s avg=3.20s eta=21.7m | clean 77/132
[133/540] x=+0.200 y=+0.072 rep0 rise=0.089 deliver=0.003 closeErr=0.002 clean=True | 2.47s avg=3.19s eta=21.6m | clean 78/133
[134/540] x=+0.200 y=+0.102 rep0 rise=0.089 deliver=0.003 closeErr=0.000 clean=True | 2.49s avg=3.18s eta=21.5m | clean 79/134
[135/540] x=+0.200 y=+0.132 rep0 rise=0.089 deliver=0.003 closeErr=0.001 clean=True | 2.48s avg=3.18s eta=21.5m | clean 80/135
[136/540] x=+0.200 y=+0.162 rep0 rise=0.089 deliver=0.003 closeErr=0.000 clean=True | 2.49s avg=3.17s eta=21.4m | clean 81/136
[137/540] x=+0.200 y=+0.192 rep0 rise=0.089 deliver=0.003 closeErr=0.001 clean=True | 2.50s avg=3.17s eta=21.3m | clean 82/137
[138/540] x=+0.200 y=+0.222 rep0 rise=0.089 deliver=0.003 closeErr=0.001 clean=True | 2.50s avg=3.16s eta=21.2m | clean 83/138
[139/540] x=+0.200 y=+0.252 rep0 rise=0.089 deliver=0.003 closeErr=0.002 clean=True | 2.51s avg=3.16s eta=21.1m | clean 84/139
[140/540] x=+0.200 y=+0.282 rep0 rise=0.089 deliver=0.002 closeErr=0.002 clean=True | 2.58s avg=3.16s eta=21.0m | clean 85/140
[141/540] x=+0.230 y=-0.288 rep0 rise=0.090 deliver=0.002 closeErr=0.003 clean=True | 2.55s avg=3.15s eta=21.0m | clean 86/141
[142/540] x=+0.230 y=-0.258 rep0 rise=0.089 deliver=0.003 closeErr=0.002 clean=True | 2.50s avg=3.15s eta=20.9m | clean 87/142
[143/540] x=+0.230 y=-0.228 rep0 rise=0.089 deliver=0.003 closeErr=0.002 clean=True | 2.49s avg=3.14s eta=20.8m | clean 88/143
[144/540] x=+0.230 y=-0.198 rep0 rise=0.089 deliver=0.003 closeErr=0.001 clean=True | 2.49s avg=3.14s eta=20.7m | clean 89/144
[145/540] x=+0.230 y=-0.168 rep0 rise=0.089 deliver=0.003 closeErr=0.000 clean=True | 2.47s avg=3.13s eta=20.6m | clean 90/145
[146/540] x=+0.230 y=-0.138 rep0 rise=0.089 deliver=0.003 closeErr=0.002 clean=True | 2.47s avg=3.13s eta=20.5m | clean 91/146
[147/540] x=+0.230 y=-0.108 rep0 rise=0.089 deliver=0.002 closeErr=0.001 clean=True | 2.46s avg=3.12s eta=20.5m | clean 92/147
[148/540] x=+0.230 y=-0.078 rep0 rise=0.089 deliver=0.002 closeErr=0.002 clean=True | 2.48s avg=3.12s eta=20.4m | clean 93/148
[149/540] x=+0.230 y=-0.048 rep0 rise=0.089 deliver=0.003 closeErr=0.001 clean=True | 2.47s avg=3.12s eta=20.3m | clean 94/149
[150/540] x=+0.230 y=-0.018 rep0 rise=0.089 deliver=0.003 closeErr=0.001 clean=True | 2.46s avg=3.11s eta=20.2m | clean 95/150
[151/540] x=+0.230 y=+0.012 rep0 rise=0.089 deliver=0.002 closeErr=0.001 clean=True | 2.48s avg=3.11s eta=20.1m | clean 96/151
[152/540] x=+0.230 y=+0.042 rep0 rise=0.089 deliver=0.002 closeErr=0.001 clean=True | 2.48s avg=3.10s eta=20.1m | clean 97/152
[153/540] x=+0.230 y=+0.072 rep0 rise=0.089 deliver=0.002 closeErr=0.001 clean=True | 2.45s avg=3.10s eta=20.0m | clean 98/153
[154/540] x=+0.230 y=+0.102 rep0 rise=0.089 deliver=0.002 closeErr=0.002 clean=True | 2.48s avg=3.09s eta=19.9m | clean 99/154
[155/540] x=+0.230 y=+0.132 rep0 rise=0.089 deliver=0.002 closeErr=0.002 clean=True | 2.47s avg=3.09s eta=19.8m | clean 100/155
[156/540] x=+0.230 y=+0.162 rep0 rise=0.089 deliver=0.003 closeErr=0.002 clean=True | 2.47s avg=3.09s eta=19.8m | clean 101/156
[157/540] x=+0.230 y=+0.192 rep0 rise=0.089 deliver=0.003 closeErr=0.000 clean=True | 2.49s avg=3.08s eta=19.7m | clean 102/157
[158/540] x=+0.230 y=+0.222 rep0 rise=0.089 deliver=0.003 closeErr=0.001 clean=True | 2.49s avg=3.08s eta=19.6m | clean 103/158
[159/540] x=+0.230 y=+0.252 rep0 rise=0.089 deliver=0.003 closeErr=0.002 clean=True | 2.49s avg=3.08s eta=19.5m | clean 104/159
[160/540] x=+0.230 y=+0.282 rep0 rise=0.089 deliver=0.003 closeErr=0.000 clean=True | 2.50s avg=3.07s eta=19.5m | clean 105/160
[161/540] x=+0.260 y=-0.288 rep0 rise=0.089 deliver=0.003 closeErr=0.000 clean=True | 2.51s avg=3.07s eta=19.4m | clean 106/161
[162/540] x=+0.260 y=-0.258 rep0 rise=0.089 deliver=0.003 closeErr=0.000 clean=True | 2.50s avg=3.06s eta=19.3m | clean 107/162
[163/540] x=+0.260 y=-0.228 rep0 rise=0.089 deliver=0.003 closeErr=0.000 clean=True | 2.50s avg=3.06s eta=19.2m | clean 108/163
[164/540] x=+0.260 y=-0.198 rep0 rise=0.089 deliver=0.003 closeErr=0.000 clean=True | 2.49s avg=3.06s eta=19.2m | clean 109/164
[165/540] x=+0.260 y=-0.168 rep0 rise=0.089 deliver=0.003 closeErr=0.001 clean=True | 2.46s avg=3.05s eta=19.1m | clean 110/165
[166/540] x=+0.260 y=-0.138 rep0 rise=0.089 deliver=0.003 closeErr=0.002 clean=True | 2.46s avg=3.05s eta=19.0m | clean 111/166
[167/540] x=+0.260 y=-0.108 rep0 rise=0.089 deliver=0.002 closeErr=0.002 clean=True | 2.46s avg=3.05s eta=18.9m | clean 112/167
[168/540] x=+0.260 y=-0.078 rep0 rise=0.089 deliver=0.002 closeErr=0.001 clean=True | 2.45s avg=3.04s eta=18.9m | clean 113/168
[169/540] x=+0.260 y=-0.048 rep0 rise=0.089 deliver=0.002 closeErr=0.002 clean=True | 2.47s avg=3.04s eta=18.8m | clean 114/169
[170/540] x=+0.260 y=-0.018 rep0 rise=0.089 deliver=0.003 closeErr=0.001 clean=True | 2.48s avg=3.04s eta=18.7m | clean 115/170
[171/540] x=+0.260 y=+0.012 rep0 rise=0.089 deliver=0.003 closeErr=0.001 clean=True | 2.46s avg=3.03s eta=18.7m | clean 116/171
[172/540] x=+0.260 y=+0.042 rep0 rise=0.089 deliver=0.003 closeErr=0.001 clean=True | 2.46s avg=3.03s eta=18.6m | clean 117/172
[173/540] x=+0.260 y=+0.072 rep0 rise=0.089 deliver=0.002 closeErr=0.001 clean=True | 2.46s avg=3.03s eta=18.5m | clean 118/173
[174/540] x=+0.260 y=+0.102 rep0 rise=0.089 deliver=0.003 closeErr=0.000 clean=True | 2.47s avg=3.02s eta=18.4m | clean 119/174
[175/540] x=+0.260 y=+0.132 rep0 rise=0.089 deliver=0.003 closeErr=0.000 clean=True | 2.46s avg=3.02s eta=18.4m | clean 120/175
[176/540] x=+0.260 y=+0.162 rep0 rise=0.089 deliver=0.003 closeErr=0.001 clean=True | 2.47s avg=3.02s eta=18.3m | clean 121/176
[177/540] x=+0.260 y=+0.192 rep0 rise=0.089 deliver=0.002 closeErr=0.002 clean=True | 2.49s avg=3.01s eta=18.2m | clean 122/177
[178/540] x=+0.260 y=+0.222 rep0 rise=0.089 deliver=0.003 closeErr=0.000 clean=True | 2.50s avg=3.01s eta=18.2m | clean 123/178
[179/540] x=+0.260 y=+0.252 rep0 rise=0.089 deliver=0.003 closeErr=0.000 clean=True | 2.51s avg=3.01s eta=18.1m | clean 124/179
[180/540] x=+0.260 y=+0.282 rep0 rise=0.089 deliver=0.003 closeErr=0.001 clean=True | 2.51s avg=3.01s eta=18.0m | clean 125/180
[181/540] x=+0.290 y=-0.288 rep0 rise=0.089 deliver=0.003 closeErr=0.002 clean=True | 2.51s avg=3.00s eta=18.0m | clean 126/181
[182/540] x=+0.290 y=-0.258 rep0 rise=0.089 deliver=0.003 closeErr=0.001 clean=True | 2.50s avg=3.00s eta=17.9m | clean 127/182
[183/540] x=+0.290 y=-0.228 rep0 rise=0.089 deliver=0.003 closeErr=0.000 clean=True | 2.51s avg=3.00s eta=17.8m | clean 128/183
[184/540] x=+0.290 y=-0.198 rep0 rise=0.089 deliver=0.003 closeErr=0.001 clean=True | 2.48s avg=2.99s eta=17.8m | clean 129/184
[185/540] x=+0.290 y=-0.168 rep0 rise=0.089 deliver=0.003 closeErr=0.000 clean=True | 2.47s avg=2.99s eta=17.7m | clean 130/185
[186/540] x=+0.290 y=-0.138 rep0 rise=0.089 deliver=0.003 closeErr=0.001 clean=True | 2.47s avg=2.99s eta=17.6m | clean 131/186
[187/540] x=+0.290 y=-0.108 rep0 rise=0.089 deliver=0.003 closeErr=0.001 clean=True | 2.46s avg=2.99s eta=17.6m | clean 132/187
[188/540] x=+0.290 y=-0.078 rep0 rise=0.089 deliver=0.003 closeErr=0.001 clean=True | 2.44s avg=2.98s eta=17.5m | clean 133/188
[189/540] x=+0.290 y=-0.048 rep0 rise=0.089 deliver=0.003 closeErr=0.000 clean=True | 2.45s avg=2.98s eta=17.4m | clean 134/189
[190/540] x=+0.290 y=-0.018 rep0 rise=0.089 deliver=0.003 closeErr=0.000 clean=True | 2.44s avg=2.98s eta=17.4m | clean 135/190
[191/540] x=+0.290 y=+0.012 rep0 rise=0.089 deliver=0.002 closeErr=0.002 clean=True | 2.46s avg=2.97s eta=17.3m | clean 136/191
[192/540] x=+0.290 y=+0.042 rep0 rise=0.089 deliver=0.002 closeErr=0.001 clean=True | 2.44s avg=2.97s eta=17.2m | clean 137/192
[193/540] x=+0.290 y=+0.072 rep0 rise=0.089 deliver=0.003 closeErr=0.001 clean=True | 2.45s avg=2.97s eta=17.2m | clean 138/193
[194/540] x=+0.290 y=+0.102 rep0 rise=0.089 deliver=0.003 closeErr=0.001 clean=True | 2.46s avg=2.97s eta=17.1m | clean 139/194
[195/540] x=+0.290 y=+0.132 rep0 rise=0.089 deliver=0.002 closeErr=0.001 clean=True | 2.46s avg=2.96s eta=17.0m | clean 140/195
[196/540] x=+0.290 y=+0.162 rep0 rise=0.089 deliver=0.003 closeErr=0.001 clean=True | 2.49s avg=2.96s eta=17.0m | clean 141/196
[197/540] x=+0.290 y=+0.192 rep0 rise=0.089 deliver=0.003 closeErr=0.001 clean=True | 2.48s avg=2.96s eta=16.9m | clean 142/197
[198/540] x=+0.290 y=+0.222 rep0 rise=0.089 deliver=0.003 closeErr=0.000 clean=True | 2.50s avg=2.96s eta=16.9m | clean 143/198
[199/540] x=+0.290 y=+0.252 rep0 rise=0.089 deliver=0.003 closeErr=0.001 clean=True | 2.51s avg=2.95s eta=16.8m | clean 144/199
[200/540] x=+0.290 y=+0.282 rep0 rise=0.089 deliver=0.003 closeErr=0.001 clean=True | 2.52s avg=2.95s eta=16.7m | clean 145/200
[201/540] x=+0.320 y=-0.288 rep0 rise=0.089 deliver=0.003 closeErr=0.002 clean=True | 2.53s avg=2.95s eta=16.7m | clean 146/201
[202/540] x=+0.320 y=-0.258 rep0 rise=0.090 deliver=0.003 closeErr=0.000 clean=True | 2.51s avg=2.95s eta=16.6m | clean 147/202
[203/540] x=+0.320 y=-0.228 rep0 rise=0.090 deliver=0.003 closeErr=0.000 clean=True | 2.50s avg=2.95s eta=16.5m | clean 148/203
[204/540] x=+0.320 y=-0.198 rep0 rise=0.090 deliver=0.003 closeErr=0.000 clean=True | 2.50s avg=2.94s eta=16.5m | clean 149/204
[205/540] x=+0.320 y=-0.168 rep0 rise=0.089 deliver=0.003 closeErr=0.001 clean=True | 2.49s avg=2.94s eta=16.4m | clean 150/205
[206/540] x=+0.320 y=-0.138 rep0 rise=0.089 deliver=0.003 closeErr=0.001 clean=True | 2.46s avg=2.94s eta=16.4m | clean 151/206
[207/540] x=+0.320 y=-0.108 rep0 rise=0.090 deliver=0.003 closeErr=0.000 clean=True | 2.47s avg=2.94s eta=16.3m | clean 152/207
[208/540] x=+0.320 y=-0.078 rep0 rise=0.089 deliver=0.002 closeErr=0.001 clean=True | 2.46s avg=2.93s eta=16.2m | clean 153/208
[209/540] x=+0.320 y=-0.048 rep0 rise=0.089 deliver=0.003 closeErr=0.000 clean=True | 2.45s avg=2.93s eta=16.2m | clean 154/209
[210/540] x=+0.320 y=-0.018 rep0 rise=0.089 deliver=0.002 closeErr=0.002 clean=True | 2.45s avg=2.93s eta=16.1m | clean 155/210
[211/540] x=+0.320 y=+0.012 rep0 rise=0.089 deliver=0.003 closeErr=0.000 clean=True | 2.44s avg=2.93s eta=16.1m | clean 156/211
[212/540] x=+0.320 y=+0.042 rep0 rise=0.089 deliver=0.003 closeErr=0.000 clean=True | 2.43s avg=2.93s eta=16.0m | clean 157/212
[213/540] x=+0.320 y=+0.072 rep0 rise=0.089 deliver=0.003 closeErr=0.001 clean=True | 2.46s avg=2.92s eta=15.9m | clean 158/213
[214/540] x=+0.320 y=+0.102 rep0 rise=0.089 deliver=0.002 closeErr=0.002 clean=True | 2.44s avg=2.92s eta=15.9m | clean 159/214
[215/540] x=+0.320 y=+0.132 rep0 rise=0.089 deliver=0.002 closeErr=0.002 clean=True | 2.46s avg=2.92s eta=15.8m | clean 160/215
[216/540] x=+0.320 y=+0.162 rep0 rise=0.089 deliver=0.003 closeErr=0.002 clean=True | 2.47s avg=2.92s eta=15.8m | clean 161/216
[217/540] x=+0.320 y=+0.192 rep0 rise=0.089 deliver=0.003 closeErr=0.001 clean=True | 2.48s avg=2.91s eta=15.7m | clean 162/217
[218/540] x=+0.320 y=+0.222 rep0 rise=0.089 deliver=0.002 closeErr=0.002 clean=True | 2.50s avg=2.91s eta=15.6m | clean 163/218
[219/540] x=+0.320 y=+0.252 rep0 rise=0.089 deliver=0.003 closeErr=0.001 clean=True | 2.51s avg=2.91s eta=15.6m | clean 164/219
[220/540] x=+0.320 y=+0.282 rep0 rise=0.089 deliver=0.003 closeErr=0.002 clean=True | 2.51s avg=2.91s eta=15.5m | clean 165/220
[221/540] x=+0.350 y=-0.288 rep0 rise=0.090 deliver=0.003 closeErr=0.002 clean=True | 2.52s avg=2.91s eta=15.5m | clean 166/221
[222/540] x=+0.350 y=-0.258 rep0 rise=0.090 deliver=0.003 closeErr=0.000 clean=True | 2.51s avg=2.91s eta=15.4m | clean 167/222
[223/540] x=+0.350 y=-0.228 rep0 rise=0.090 deliver=0.003 closeErr=0.001 clean=True | 2.51s avg=2.90s eta=15.3m | clean 168/223
[224/540] x=+0.350 y=-0.198 rep0 rise=0.089 deliver=0.002 closeErr=0.002 clean=True | 2.49s avg=2.90s eta=15.3m | clean 169/224
[225/540] x=+0.350 y=-0.168 rep0 rise=0.089 deliver=0.003 closeErr=0.002 clean=True | 2.48s avg=2.90s eta=15.2m | clean 170/225
[226/540] x=+0.350 y=-0.138 rep0 rise=0.090 deliver=0.003 closeErr=0.001 clean=True | 2.48s avg=2.90s eta=15.2m | clean 171/226
[227/540] x=+0.350 y=-0.108 rep0 rise=0.089 deliver=0.002 closeErr=0.002 clean=True | 2.48s avg=2.90s eta=15.1m | clean 172/227
[228/540] x=+0.350 y=-0.078 rep0 rise=0.090 deliver=0.002 closeErr=0.001 clean=True | 2.46s avg=2.89s eta=15.1m | clean 173/228
[229/540] x=+0.350 y=-0.048 rep0 rise=0.089 deliver=0.002 closeErr=0.002 clean=True | 2.45s avg=2.89s eta=15.0m | clean 174/229
[230/540] x=+0.350 y=-0.018 rep0 rise=0.089 deliver=0.002 closeErr=0.001 clean=True | 2.44s avg=2.89s eta=14.9m | clean 175/230
[231/540] x=+0.350 y=+0.012 rep0 rise=0.089 deliver=0.003 closeErr=0.001 clean=True | 2.47s avg=2.89s eta=14.9m | clean 176/231
[232/540] x=+0.350 y=+0.042 rep0 rise=0.089 deliver=0.002 closeErr=0.001 clean=True | 2.46s avg=2.89s eta=14.8m | clean 177/232
[233/540] x=+0.350 y=+0.072 rep0 rise=0.090 deliver=0.003 closeErr=0.001 clean=True | 2.45s avg=2.89s eta=14.8m | clean 178/233
[234/540] x=+0.350 y=+0.102 rep0 rise=0.089 deliver=0.003 closeErr=0.001 clean=True | 2.47s avg=2.88s eta=14.7m | clean 179/234
[235/540] x=+0.350 y=+0.132 rep0 rise=0.090 deliver=0.003 closeErr=0.000 clean=True | 2.47s avg=2.88s eta=14.6m | clean 180/235
[236/540] x=+0.350 y=+0.162 rep0 rise=0.089 deliver=0.002 closeErr=0.002 clean=True | 2.48s avg=2.88s eta=14.6m | clean 181/236
[237/540] x=+0.350 y=+0.192 rep0 rise=0.089 deliver=0.003 closeErr=0.001 clean=True | 2.50s avg=2.88s eta=14.5m | clean 182/237
[238/540] x=+0.350 y=+0.222 rep0 rise=0.089 deliver=0.003 closeErr=0.002 clean=True | 2.51s avg=2.88s eta=14.5m | clean 183/238
[239/540] x=+0.350 y=+0.252 rep0 rise=0.090 deliver=0.002 closeErr=0.002 clean=True | 2.55s avg=2.88s eta=14.4m | clean 184/239
[240/540] x=+0.350 y=+0.282 rep0 rise=0.090 deliver=0.003 closeErr=0.000 clean=True | 2.53s avg=2.87s eta=14.4m | clean 185/240
[241/540] x=+0.380 y=-0.288 rep0 rise=0.090 deliver=0.003 closeErr=0.002 clean=True | 2.52s avg=2.87s eta=14.3m | clean 186/241
[242/540] x=+0.380 y=-0.258 rep0 rise=0.090 deliver=0.003 closeErr=0.003 clean=True | 2.53s avg=2.87s eta=14.3m | clean 187/242
[243/540] x=+0.380 y=-0.228 rep0 rise=0.090 deliver=0.003 closeErr=0.001 clean=True | 2.52s avg=2.87s eta=14.2m | clean 188/243
[244/540] x=+0.380 y=-0.198 rep0 rise=0.090 deliver=0.002 closeErr=0.001 clean=True | 2.49s avg=2.87s eta=14.1m | clean 189/244
[245/540] x=+0.380 y=-0.168 rep0 rise=0.090 deliver=0.003 closeErr=0.001 clean=True | 2.49s avg=2.87s eta=14.1m | clean 190/245
[246/540] x=+0.380 y=-0.138 rep0 rise=0.090 deliver=0.003 closeErr=0.001 clean=True | 2.48s avg=2.87s eta=14.0m | clean 191/246
[247/540] x=+0.380 y=-0.108 rep0 rise=0.090 deliver=0.003 closeErr=0.001 clean=True | 2.46s avg=2.86s eta=14.0m | clean 192/247
[248/540] x=+0.380 y=-0.078 rep0 rise=0.090 deliver=0.002 closeErr=0.001 clean=True | 2.45s avg=2.86s eta=13.9m | clean 193/248
[249/540] x=+0.380 y=-0.048 rep0 rise=0.090 deliver=0.003 closeErr=0.001 clean=True | 2.46s avg=2.86s eta=13.9m | clean 194/249
[250/540] x=+0.380 y=-0.018 rep0 rise=0.090 deliver=0.003 closeErr=0.000 clean=True | 2.44s avg=2.86s eta=13.8m | clean 195/250
[251/540] x=+0.380 y=+0.012 rep0 rise=0.090 deliver=0.002 closeErr=0.001 clean=True | 2.47s avg=2.86s eta=13.8m | clean 196/251
[252/540] x=+0.380 y=+0.042 rep0 rise=0.090 deliver=0.003 closeErr=0.001 clean=True | 2.46s avg=2.86s eta=13.7m | clean 197/252
[253/540] x=+0.380 y=+0.072 rep0 rise=0.090 deliver=0.002 closeErr=0.001 clean=True | 2.45s avg=2.85s eta=13.7m | clean 198/253
[254/540] x=+0.380 y=+0.102 rep0 rise=0.090 deliver=0.002 closeErr=0.001 clean=True | 2.46s avg=2.85s eta=13.6m | clean 199/254
[255/540] x=+0.380 y=+0.132 rep0 rise=0.090 deliver=0.003 closeErr=0.000 clean=True | 2.48s avg=2.85s eta=13.5m | clean 200/255
[256/540] x=+0.380 y=+0.162 rep0 rise=0.090 deliver=0.002 closeErr=0.002 clean=True | 2.52s avg=2.85s eta=13.5m | clean 201/256
[257/540] x=+0.380 y=+0.192 rep0 rise=0.090 deliver=0.003 closeErr=0.000 clean=True | 2.49s avg=2.85s eta=13.4m | clean 202/257
[258/540] x=+0.380 y=+0.222 rep0 rise=0.090 deliver=0.002 closeErr=0.000 clean=True | 2.50s avg=2.85s eta=13.4m | clean 203/258
[259/540] x=+0.380 y=+0.252 rep0 rise=0.090 deliver=0.003 closeErr=0.000 clean=True | 2.50s avg=2.85s eta=13.3m | clean 204/259
[260/540] x=+0.380 y=+0.282 rep0 rise=0.090 deliver=0.003 closeErr=0.002 clean=True | 2.52s avg=2.84s eta=13.3m | clean 205/260
[261/540] x=+0.410 y=-0.288 rep0 rise=0.091 deliver=0.003 closeErr=0.003 clean=True | 2.53s avg=2.84s eta=13.2m | clean 206/261
[262/540] x=+0.410 y=-0.258 rep0 rise=0.091 deliver=0.003 closeErr=0.003 clean=True | 2.52s avg=2.84s eta=13.2m | clean 207/262
[263/540] x=+0.410 y=-0.228 rep0 rise=0.091 deliver=0.002 closeErr=0.001 clean=True | 2.50s avg=2.84s eta=13.1m | clean 208/263
[264/540] x=+0.410 y=-0.198 rep0 rise=0.090 deliver=0.003 closeErr=0.002 clean=True | 2.51s avg=2.84s eta=13.1m | clean 209/264
[265/540] x=+0.410 y=-0.168 rep0 rise=0.090 deliver=0.002 closeErr=0.002 clean=True | 2.51s avg=2.84s eta=13.0m | clean 210/265
[266/540] x=+0.410 y=-0.138 rep0 rise=0.090 deliver=0.003 closeErr=0.000 clean=True | 2.49s avg=2.84s eta=13.0m | clean 211/266
[267/540] x=+0.410 y=-0.108 rep0 rise=0.090 deliver=0.003 closeErr=0.001 clean=True | 2.48s avg=2.84s eta=12.9m | clean 212/267
[268/540] x=+0.410 y=-0.078 rep0 rise=0.090 deliver=0.003 closeErr=0.000 clean=True | 2.49s avg=2.83s eta=12.8m | clean 213/268
[269/540] x=+0.410 y=-0.048 rep0 rise=0.090 deliver=0.003 closeErr=0.001 clean=True | 2.48s avg=2.83s eta=12.8m | clean 214/269
[270/540] x=+0.410 y=-0.018 rep0 rise=0.090 deliver=0.003 closeErr=0.001 clean=True | 2.46s avg=2.83s eta=12.7m | clean 215/270
[271/540] x=+0.410 y=+0.012 rep0 rise=0.090 deliver=0.002 closeErr=0.002 clean=True | 2.46s avg=2.83s eta=12.7m | clean 216/271
[272/540] x=+0.410 y=+0.042 rep0 rise=0.090 deliver=0.002 closeErr=0.001 clean=True | 2.44s avg=2.83s eta=12.6m | clean 217/272
[273/540] x=+0.410 y=+0.072 rep0 rise=0.090 deliver=0.003 closeErr=0.001 clean=True | 2.49s avg=2.83s eta=12.6m | clean 218/273
[274/540] x=+0.410 y=+0.102 rep0 rise=0.090 deliver=0.003 closeErr=0.000 clean=True | 2.48s avg=2.83s eta=12.5m | clean 219/274
[275/540] x=+0.410 y=+0.132 rep0 rise=0.090 deliver=0.003 closeErr=0.001 clean=True | 2.49s avg=2.82s eta=12.5m | clean 220/275
[276/540] x=+0.410 y=+0.162 rep0 rise=0.090 deliver=0.003 closeErr=0.002 clean=True | 2.52s avg=2.82s eta=12.4m | clean 221/276
[277/540] x=+0.410 y=+0.192 rep0 rise=0.090 deliver=0.002 closeErr=0.003 clean=True | 2.52s avg=2.82s eta=12.4m | clean 222/277
[278/540] x=+0.410 y=+0.222 rep0 rise=0.091 deliver=0.003 closeErr=0.000 clean=True | 2.49s avg=2.82s eta=12.3m | clean 223/278
[279/540] x=+0.410 y=+0.252 rep0 rise=0.091 deliver=0.003 closeErr=0.002 clean=True | 2.51s avg=2.82s eta=12.3m | clean 224/279
[280/540] x=+0.410 y=+0.282 rep0 rise=0.091 deliver=0.003 closeErr=0.003 clean=True | 2.53s avg=2.82s eta=12.2m | clean 225/280
[281/540] x=+0.440 y=-0.288 rep0 rise=0.091 deliver=0.003 closeErr=0.002 clean=True | 2.52s avg=2.82s eta=12.2m | clean 226/281
[282/540] x=+0.440 y=-0.258 rep0 rise=0.091 deliver=0.003 closeErr=0.000 clean=True | 2.51s avg=2.82s eta=12.1m | clean 227/282
[283/540] x=+0.440 y=-0.228 rep0 rise=0.091 deliver=0.003 closeErr=0.002 clean=True | 2.52s avg=2.82s eta=12.1m | clean 228/283
[284/540] x=+0.440 y=-0.198 rep0 rise=0.091 deliver=0.003 closeErr=0.003 clean=True | 2.51s avg=2.81s eta=12.0m | clean 229/284
[285/540] x=+0.440 y=-0.168 rep0 rise=0.090 deliver=0.003 closeErr=0.002 clean=True | 2.48s avg=2.81s eta=12.0m | clean 230/285
[286/540] x=+0.440 y=-0.138 rep0 rise=0.091 deliver=0.003 closeErr=0.000 clean=True | 2.48s avg=2.81s eta=11.9m | clean 231/286
[287/540] x=+0.440 y=-0.108 rep0 rise=0.090 deliver=0.003 closeErr=0.001 clean=True | 2.49s avg=2.81s eta=11.9m | clean 232/287
[288/540] x=+0.440 y=-0.078 rep0 rise=0.091 deliver=0.003 closeErr=0.001 clean=True | 2.49s avg=2.81s eta=11.8m | clean 233/288
[289/540] x=+0.440 y=-0.048 rep0 rise=0.091 deliver=0.002 closeErr=0.001 clean=True | 2.47s avg=2.81s eta=11.8m | clean 234/289
[290/540] x=+0.440 y=-0.018 rep0 rise=0.090 deliver=0.002 closeErr=0.002 clean=True | 2.47s avg=2.81s eta=11.7m | clean 235/290
[291/540] x=+0.440 y=+0.012 rep0 rise=0.090 deliver=0.003 closeErr=0.001 clean=True | 2.48s avg=2.81s eta=11.6m | clean 236/291
[292/540] x=+0.440 y=+0.042 rep0 rise=0.090 deliver=0.003 closeErr=0.000 clean=True | 2.47s avg=2.81s eta=11.6m | clean 237/292
[293/540] x=+0.440 y=+0.072 rep0 rise=0.090 deliver=0.002 closeErr=0.002 clean=True | 2.48s avg=2.80s eta=11.5m | clean 238/293
[294/540] x=+0.440 y=+0.102 rep0 rise=0.090 deliver=0.003 closeErr=0.001 clean=True | 2.48s avg=2.80s eta=11.5m | clean 239/294
[295/540] x=+0.440 y=+0.132 rep0 rise=0.091 deliver=0.002 closeErr=0.001 clean=True | 2.48s avg=2.80s eta=11.4m | clean 240/295
[296/540] x=+0.440 y=+0.162 rep0 rise=0.091 deliver=0.003 closeErr=0.001 clean=True | 2.49s avg=2.80s eta=11.4m | clean 241/296
[297/540] x=+0.440 y=+0.192 rep0 rise=0.091 deliver=0.003 closeErr=0.000 clean=True | 2.49s avg=2.80s eta=11.3m | clean 242/297
[298/540] x=+0.440 y=+0.222 rep0 rise=0.091 deliver=0.003 closeErr=0.000 clean=True | 2.51s avg=2.80s eta=11.3m | clean 243/298
[299/540] x=+0.440 y=+0.252 rep0 rise=0.091 deliver=0.002 closeErr=0.001 clean=True | 2.52s avg=2.80s eta=11.2m | clean 244/299
[300/540] x=+0.440 y=+0.282 rep0 rise=0.091 deliver=0.003 closeErr=0.003 clean=True | 2.52s avg=2.80s eta=11.2m | clean 245/300
[301/540] x=+0.470 y=-0.288 rep0 rise=0.092 deliver=0.003 closeErr=0.002 clean=True | 2.53s avg=2.80s eta=11.1m | clean 246/301
[302/540] x=+0.470 y=-0.258 rep0 rise=0.091 deliver=0.003 closeErr=0.003 clean=True | 2.53s avg=2.80s eta=11.1m | clean 247/302
[303/540] x=+0.470 y=-0.228 rep0 rise=0.091 deliver=0.003 closeErr=0.000 clean=True | 2.52s avg=2.79s eta=11.0m | clean 248/303
[304/540] x=+0.470 y=-0.198 rep0 rise=0.091 deliver=0.003 closeErr=0.001 clean=True | 2.51s avg=2.79s eta=11.0m | clean 249/304
[305/540] x=+0.470 y=-0.168 rep0 rise=0.090 deliver=0.003 closeErr=0.002 clean=True | 2.51s avg=2.79s eta=10.9m | clean 250/305
[306/540] x=+0.470 y=-0.138 rep0 rise=0.091 deliver=0.003 closeErr=0.000 clean=True | 2.49s avg=2.79s eta=10.9m | clean 251/306
[307/540] x=+0.470 y=-0.108 rep0 rise=0.090 deliver=0.003 closeErr=0.002 clean=True | 2.49s avg=2.79s eta=10.8m | clean 252/307
[308/540] x=+0.470 y=-0.078 rep0 rise=0.091 deliver=0.002 closeErr=0.002 clean=True | 2.51s avg=2.79s eta=10.8m | clean 253/308
[309/540] x=+0.470 y=-0.048 rep0 rise=0.090 deliver=0.002 closeErr=0.002 clean=True | 2.49s avg=2.79s eta=10.7m | clean 254/309
[310/540] x=+0.470 y=-0.018 rep0 rise=0.091 deliver=0.003 closeErr=0.001 clean=True | 2.50s avg=2.79s eta=10.7m | clean 255/310
[311/540] x=+0.470 y=+0.012 rep0 rise=0.091 deliver=0.002 closeErr=0.001 clean=True | 2.51s avg=2.79s eta=10.6m | clean 256/311
[312/540] x=+0.470 y=+0.042 rep0 rise=0.090 deliver=0.002 closeErr=0.002 clean=True | 2.48s avg=2.79s eta=10.6m | clean 257/312
[313/540] x=+0.470 y=+0.072 rep0 rise=0.091 deliver=0.002 closeErr=0.002 clean=True | 2.48s avg=2.79s eta=10.5m | clean 258/313
[314/540] x=+0.470 y=+0.102 rep0 rise=0.091 deliver=0.003 closeErr=0.001 clean=True | 2.50s avg=2.78s eta=10.5m | clean 259/314
[315/540] x=+0.470 y=+0.132 rep0 rise=0.091 deliver=0.003 closeErr=0.001 clean=True | 2.50s avg=2.78s eta=10.4m | clean 260/315
[316/540] x=+0.470 y=+0.162 rep0 rise=0.091 deliver=0.003 closeErr=0.000 clean=True | 2.50s avg=2.78s eta=10.4m | clean 261/316
[317/540] x=+0.470 y=+0.192 rep0 rise=0.091 deliver=0.003 closeErr=0.000 clean=True | 2.52s avg=2.78s eta=10.3m | clean 262/317
[318/540] x=+0.470 y=+0.222 rep0 rise=0.091 deliver=0.003 closeErr=0.001 clean=True | 2.52s avg=2.78s eta=10.3m | clean 263/318
[319/540] x=+0.470 y=+0.252 rep0 rise=0.092 deliver=0.002 closeErr=0.001 clean=True | 2.52s avg=2.78s eta=10.2m | clean 264/319
[320/540] x=+0.470 y=+0.282 rep0 rise=0.092 deliver=0.003 closeErr=0.002 clean=True | 2.52s avg=2.78s eta=10.2m | clean 265/320
[321/540] x=+0.500 y=-0.288 rep0 rise=0.092 deliver=0.003 closeErr=0.003 clean=True | 2.54s avg=2.78s eta=10.1m | clean 266/321
[322/540] x=+0.500 y=-0.258 rep0 rise=0.092 deliver=0.003 closeErr=0.003 clean=True | 2.53s avg=2.78s eta=10.1m | clean 267/322
[323/540] x=+0.500 y=-0.228 rep0 rise=0.092 deliver=0.003 closeErr=0.000 clean=True | 2.52s avg=2.78s eta=10.0m | clean 268/323
[324/540] x=+0.500 y=-0.198 rep0 rise=0.092 deliver=0.003 closeErr=0.001 clean=True | 2.52s avg=2.78s eta=10.0m | clean 269/324
[325/540] x=+0.500 y=-0.168 rep0 rise=0.092 deliver=0.003 closeErr=0.001 clean=True | 2.51s avg=2.78s eta=9.9m | clean 270/325
[326/540] x=+0.500 y=-0.138 rep0 rise=0.092 deliver=0.003 closeErr=0.000 clean=True | 2.50s avg=2.77s eta=9.9m | clean 271/326
[327/540] x=+0.500 y=-0.108 rep0 rise=0.091 deliver=0.003 closeErr=0.002 clean=True | 2.50s avg=2.77s eta=9.8m | clean 272/327
[328/540] x=+0.500 y=-0.078 rep0 rise=0.092 deliver=0.003 closeErr=0.001 clean=True | 2.51s avg=2.77s eta=9.8m | clean 273/328
[329/540] x=+0.500 y=-0.048 rep0 rise=0.092 deliver=0.003 closeErr=0.000 clean=True | 2.48s avg=2.77s eta=9.7m | clean 274/329
[330/540] x=+0.500 y=-0.018 rep0 rise=0.092 deliver=0.003 closeErr=0.001 clean=True | 2.49s avg=2.77s eta=9.7m | clean 275/330
[331/540] x=+0.500 y=+0.012 rep0 rise=0.091 deliver=0.002 closeErr=0.002 clean=True | 2.49s avg=2.77s eta=9.6m | clean 276/331
[332/540] x=+0.500 y=+0.042 rep0 rise=0.092 deliver=0.003 closeErr=0.000 clean=True | 2.48s avg=2.77s eta=9.6m | clean 277/332
[333/540] x=+0.500 y=+0.072 rep0 rise=0.092 deliver=0.003 closeErr=0.001 clean=True | 2.49s avg=2.77s eta=9.6m | clean 278/333
[334/540] x=+0.500 y=+0.102 rep0 rise=0.092 deliver=0.003 closeErr=0.000 clean=True | 2.49s avg=2.77s eta=9.5m | clean 279/334
[335/540] x=+0.500 y=+0.132 rep0 rise=0.091 deliver=0.003 closeErr=0.002 clean=True | 2.51s avg=2.77s eta=9.5m | clean 280/335
[336/540] x=+0.500 y=+0.162 rep0 rise=0.092 deliver=0.003 closeErr=0.001 clean=True | 2.51s avg=2.77s eta=9.4m | clean 281/336
[337/540] x=+0.500 y=+0.192 rep0 rise=0.091 deliver=0.003 closeErr=0.003 clean=True | 2.52s avg=2.77s eta=9.4m | clean 282/337
[338/540] x=+0.500 y=+0.222 rep0 rise=0.092 deliver=0.003 closeErr=0.003 clean=True | 2.54s avg=2.76s eta=9.3m | clean 283/338
[339/540] x=+0.500 y=+0.252 rep0 rise=0.092 deliver=0.003 closeErr=0.000 clean=True | 2.53s avg=2.76s eta=9.3m | clean 284/339
[340/540] x=+0.500 y=+0.282 rep0 rise=0.092 deliver=0.003 closeErr=0.002 clean=True | 2.54s avg=2.76s eta=9.2m | clean 285/340
[341/540] x=+0.530 y=-0.288 rep0 rise=0.093 deliver=0.003 closeErr=0.001 clean=True | 2.55s avg=2.76s eta=9.2m | clean 286/341
[342/540] x=+0.530 y=-0.258 rep0 rise=0.092 deliver=0.003 closeErr=0.003 clean=True | 2.56s avg=2.76s eta=9.1m | clean 287/342
[343/540] x=+0.530 y=-0.228 rep0 rise=0.092 deliver=0.003 closeErr=0.002 clean=True | 2.54s avg=2.76s eta=9.1m | clean 288/343
[344/540] x=+0.530 y=-0.198 rep0 rise=0.092 deliver=0.003 closeErr=0.002 clean=True | 2.52s avg=2.76s eta=9.0m | clean 289/344
[345/540] x=+0.530 y=-0.168 rep0 rise=0.092 deliver=0.003 closeErr=0.001 clean=True | 2.52s avg=2.76s eta=9.0m | clean 290/345
[346/540] x=+0.530 y=-0.138 rep0 rise=0.092 deliver=0.003 closeErr=0.000 clean=True | 2.52s avg=2.76s eta=8.9m | clean 291/346
[347/540] x=+0.530 y=-0.108 rep0 rise=0.092 deliver=0.003 closeErr=0.000 clean=True | 2.52s avg=2.76s eta=8.9m | clean 292/347
[348/540] x=+0.530 y=-0.078 rep0 rise=0.092 deliver=0.003 closeErr=0.000 clean=True | 2.52s avg=2.76s eta=8.8m | clean 293/348
[349/540] x=+0.530 y=-0.048 rep0 rise=0.092 deliver=0.003 closeErr=0.001 clean=True | 2.51s avg=2.76s eta=8.8m | clean 294/349
[350/540] x=+0.530 y=-0.018 rep0 rise=0.092 deliver=0.003 closeErr=0.001 clean=True | 2.52s avg=2.76s eta=8.7m | clean 295/350
[351/540] x=+0.530 y=+0.012 rep0 rise=0.092 deliver=0.002 closeErr=0.002 clean=True | 2.50s avg=2.76s eta=8.7m | clean 296/351
[352/540] x=+0.530 y=+0.042 rep0 rise=0.092 deliver=0.002 closeErr=0.002 clean=True | 2.51s avg=2.76s eta=8.6m | clean 297/352
[353/540] x=+0.530 y=+0.072 rep0 rise=0.092 deliver=0.003 closeErr=0.002 clean=True | 2.52s avg=2.75s eta=8.6m | clean 298/353
[354/540] x=+0.530 y=+0.102 rep0 rise=0.092 deliver=0.003 closeErr=0.001 clean=True | 2.52s avg=2.75s eta=8.5m | clean 299/354
[355/540] x=+0.530 y=+0.132 rep0 rise=0.092 deliver=0.003 closeErr=0.000 clean=True | 2.51s avg=2.75s eta=8.5m | clean 300/355
[356/540] x=+0.530 y=+0.162 rep0 rise=0.092 deliver=0.003 closeErr=0.003 clean=True | 2.54s avg=2.75s eta=8.4m | clean 301/356
[357/540] x=+0.530 y=+0.192 rep0 rise=0.092 deliver=0.003 closeErr=0.001 clean=True | 2.52s avg=2.75s eta=8.4m | clean 302/357
[358/540] x=+0.530 y=+0.222 rep0 rise=0.092 deliver=0.002 closeErr=0.001 clean=True | 2.53s avg=2.75s eta=8.3m | clean 303/358
[359/540] x=+0.530 y=+0.252 rep0 rise=0.092 deliver=0.003 closeErr=0.002 clean=True | 2.52s avg=2.75s eta=8.3m | clean 304/359
[360/540] x=+0.530 y=+0.282 rep0 rise=0.093 deliver=0.003 closeErr=0.003 clean=True | 2.55s avg=2.75s eta=8.3m | clean 305/360
[361/540] x=+0.560 y=-0.288 rep0 rise=0.093 deliver=0.003 closeErr=0.001 clean=True | 2.55s avg=2.75s eta=8.2m | clean 306/361
[362/540] x=+0.560 y=-0.258 rep0 rise=0.093 deliver=0.003 closeErr=0.001 clean=True | 2.54s avg=2.75s eta=8.2m | clean 307/362
[363/540] x=+0.560 y=-0.228 rep0 rise=0.093 deliver=0.003 closeErr=0.003 clean=True | 2.53s avg=2.75s eta=8.1m | clean 308/363
[364/540] x=+0.560 y=-0.198 rep0 rise=0.093 deliver=0.003 closeErr=0.001 clean=True | 2.52s avg=2.75s eta=8.1m | clean 309/364
[365/540] x=+0.560 y=-0.168 rep0 rise=0.093 deliver=0.002 closeErr=0.001 clean=True | 2.51s avg=2.75s eta=8.0m | clean 310/365
[366/540] x=+0.560 y=-0.138 rep0 rise=0.093 deliver=0.002 closeErr=0.002 clean=True | 2.51s avg=2.75s eta=8.0m | clean 311/366
[367/540] x=+0.560 y=-0.108 rep0 rise=0.092 deliver=0.003 closeErr=0.002 clean=True | 2.53s avg=2.75s eta=7.9m | clean 312/367
[368/540] x=+0.560 y=-0.078 rep0 rise=0.092 deliver=0.003 closeErr=0.001 clean=True | 2.52s avg=2.75s eta=7.9m | clean 313/368
[369/540] x=+0.560 y=-0.048 rep0 rise=0.092 deliver=0.003 closeErr=0.001 clean=True | 2.52s avg=2.74s eta=7.8m | clean 314/369
[370/540] x=+0.560 y=-0.018 rep0 rise=0.092 deliver=0.002 closeErr=0.002 clean=True | 2.51s avg=2.74s eta=7.8m | clean 315/370
[371/540] x=+0.560 y=+0.012 rep0 rise=0.092 deliver=0.002 closeErr=0.002 clean=True | 2.51s avg=2.74s eta=7.7m | clean 316/371
[372/540] x=+0.560 y=+0.042 rep0 rise=0.092 deliver=0.003 closeErr=0.000 clean=True | 2.50s avg=2.74s eta=7.7m | clean 317/372
[373/540] x=+0.560 y=+0.072 rep0 rise=0.092 deliver=0.003 closeErr=0.002 clean=True | 2.52s avg=2.74s eta=7.6m | clean 318/373
[374/540] x=+0.560 y=+0.102 rep0 rise=0.092 deliver=0.003 closeErr=0.000 clean=True | 2.52s avg=2.74s eta=7.6m | clean 319/374
[375/540] x=+0.560 y=+0.132 rep0 rise=0.092 deliver=0.003 closeErr=0.001 clean=True | 2.51s avg=2.74s eta=7.5m | clean 320/375
[376/540] x=+0.560 y=+0.162 rep0 rise=0.093 deliver=0.002 closeErr=0.001 clean=True | 2.51s avg=2.74s eta=7.5m | clean 321/376
[377/540] x=+0.560 y=+0.192 rep0 rise=0.093 deliver=0.002 closeErr=0.001 clean=True | 2.52s avg=2.74s eta=7.4m | clean 322/377
[378/540] x=+0.560 y=+0.222 rep0 rise=0.093 deliver=0.003 closeErr=0.001 clean=True | 2.53s avg=2.74s eta=7.4m | clean 323/378
[379/540] x=+0.560 y=+0.252 rep0 rise=0.093 deliver=0.003 closeErr=0.000 clean=True | 2.52s avg=2.74s eta=7.3m | clean 324/379
[380/540] x=+0.560 y=+0.282 rep0 rise=0.093 deliver=0.002 closeErr=0.001 clean=True | 2.54s avg=2.74s eta=7.3m | clean 325/380
[381/540] x=+0.590 y=-0.288 rep0 rise=0.094 deliver=0.003 closeErr=0.003 clean=True | 2.55s avg=2.74s eta=7.3m | clean 326/381
[382/540] x=+0.590 y=-0.258 rep0 rise=0.093 deliver=0.003 closeErr=0.000 clean=True | 2.54s avg=2.74s eta=7.2m | clean 327/382
[383/540] x=+0.590 y=-0.228 rep0 rise=0.093 deliver=0.003 closeErr=0.003 clean=True | 2.54s avg=2.74s eta=7.2m | clean 328/383
[384/540] x=+0.590 y=-0.198 rep0 rise=0.093 deliver=0.003 closeErr=0.001 clean=True | 2.53s avg=2.74s eta=7.1m | clean 329/384
[385/540] x=+0.590 y=-0.168 rep0 rise=0.093 deliver=0.003 closeErr=0.000 clean=True | 2.53s avg=2.74s eta=7.1m | clean 330/385
[386/540] x=+0.590 y=-0.138 rep0 rise=0.093 deliver=0.003 closeErr=0.002 clean=True | 2.54s avg=2.74s eta=7.0m | clean 331/386
[387/540] x=+0.590 y=-0.108 rep0 rise=0.093 deliver=0.003 closeErr=0.001 clean=True | 2.52s avg=2.73s eta=7.0m | clean 332/387
[388/540] x=+0.590 y=-0.078 rep0 rise=0.093 deliver=0.003 closeErr=0.000 clean=True | 2.53s avg=2.73s eta=6.9m | clean 333/388
[389/540] x=+0.590 y=-0.048 rep0 rise=0.093 deliver=0.003 closeErr=0.000 clean=True | 2.52s avg=2.73s eta=6.9m | clean 334/389
[390/540] x=+0.590 y=-0.018 rep0 rise=0.093 deliver=0.003 closeErr=0.000 clean=True | 2.51s avg=2.73s eta=6.8m | clean 335/390
[391/540] x=+0.590 y=+0.012 rep0 rise=0.093 deliver=0.002 closeErr=0.002 clean=True | 2.52s avg=2.73s eta=6.8m | clean 336/391
[392/540] x=+0.590 y=+0.042 rep0 rise=0.093 deliver=0.003 closeErr=0.002 clean=True | 2.52s avg=2.73s eta=6.7m | clean 337/392
[393/540] x=+0.590 y=+0.072 rep0 rise=0.093 deliver=0.002 closeErr=0.002 clean=True | 2.52s avg=2.73s eta=6.7m | clean 338/393
[394/540] x=+0.590 y=+0.102 rep0 rise=0.093 deliver=0.003 closeErr=0.002 clean=True | 2.53s avg=2.73s eta=6.6m | clean 339/394
[395/540] x=+0.590 y=+0.132 rep0 rise=0.093 deliver=0.002 closeErr=0.001 clean=True | 2.51s avg=2.73s eta=6.6m | clean 340/395
[396/540] x=+0.590 y=+0.162 rep0 rise=0.093 deliver=0.003 closeErr=0.002 clean=True | 2.53s avg=2.73s eta=6.6m | clean 341/396
[397/540] x=+0.590 y=+0.192 rep0 rise=0.093 deliver=0.003 closeErr=0.001 clean=True | 2.53s avg=2.73s eta=6.5m | clean 342/397
[398/540] x=+0.590 y=+0.222 rep0 rise=0.093 deliver=0.003 closeErr=0.000 clean=True | 2.53s avg=2.73s eta=6.5m | clean 343/398
[399/540] x=+0.590 y=+0.252 rep0 rise=0.093 deliver=0.003 closeErr=0.001 clean=True | 2.54s avg=2.73s eta=6.4m | clean 344/399
[400/540] x=+0.590 y=+0.282 rep0 rise=0.094 deliver=0.002 closeErr=0.001 clean=True | 2.55s avg=2.73s eta=6.4m | clean 345/400
[401/540] x=+0.620 y=-0.288 rep0 rise=0.094 deliver=0.003 closeErr=0.003 clean=True | 2.57s avg=2.73s eta=6.3m | clean 346/401
[402/540] x=+0.620 y=-0.258 rep0 rise=0.094 deliver=0.003 closeErr=0.003 clean=True | 2.56s avg=2.73s eta=6.3m | clean 347/402
[403/540] x=+0.620 y=-0.228 rep0 rise=0.094 deliver=0.003 closeErr=0.001 clean=True | 2.55s avg=2.73s eta=6.2m | clean 348/403
[404/540] x=+0.620 y=-0.198 rep0 rise=0.094 deliver=0.003 closeErr=0.001 clean=True | 2.54s avg=2.73s eta=6.2m | clean 349/404
[405/540] x=+0.620 y=-0.168 rep0 rise=0.093 deliver=0.003 closeErr=0.003 clean=True | 2.56s avg=2.73s eta=6.1m | clean 350/405
[406/540] x=+0.620 y=-0.138 rep0 rise=0.094 deliver=0.003 closeErr=0.000 clean=True | 2.53s avg=2.73s eta=6.1m | clean 351/406
[407/540] x=+0.620 y=-0.108 rep0 rise=0.093 deliver=0.003 closeErr=0.002 clean=True | 2.54s avg=2.73s eta=6.0m | clean 352/407
[408/540] x=+0.620 y=-0.078 rep0 rise=0.093 deliver=0.003 closeErr=0.001 clean=True | 2.54s avg=2.72s eta=6.0m | clean 353/408
[409/540] x=+0.620 y=-0.048 rep0 rise=0.093 deliver=0.002 closeErr=0.003 clean=True | 2.53s avg=2.72s eta=5.9m | clean 354/409
[410/540] x=+0.620 y=-0.018 rep0 rise=0.093 deliver=0.002 closeErr=0.003 clean=True | 2.54s avg=2.72s eta=5.9m | clean 355/410
[411/540] x=+0.620 y=+0.012 rep0 rise=0.093 deliver=0.003 closeErr=0.001 clean=True | 2.53s avg=2.72s eta=5.9m | clean 356/411
[412/540] x=+0.620 y=+0.042 rep0 rise=0.093 deliver=0.002 closeErr=0.002 clean=True | 2.53s avg=2.72s eta=5.8m | clean 357/412
[413/540] x=+0.620 y=+0.072 rep0 rise=0.093 deliver=0.003 closeErr=0.002 clean=True | 2.53s avg=2.72s eta=5.8m | clean 358/413
[414/540] x=+0.620 y=+0.102 rep0 rise=0.093 deliver=0.003 closeErr=0.000 clean=True | 2.52s avg=2.72s eta=5.7m | clean 359/414
[415/540] x=+0.620 y=+0.132 rep0 rise=0.093 deliver=0.002 closeErr=0.003 clean=True | 2.56s avg=2.72s eta=5.7m | clean 360/415
[416/540] x=+0.620 y=+0.162 rep0 rise=0.093 deliver=0.003 closeErr=0.001 clean=True | 2.53s avg=2.72s eta=5.6m | clean 361/416
[417/540] x=+0.620 y=+0.192 rep0 rise=0.094 deliver=0.003 closeErr=0.002 clean=True | 2.55s avg=2.72s eta=5.6m | clean 362/417
[418/540] x=+0.620 y=+0.222 rep0 rise=0.094 deliver=0.003 closeErr=0.002 clean=True | 2.57s avg=2.72s eta=5.5m | clean 363/418
[419/540] x=+0.620 y=+0.252 rep0 rise=0.094 deliver=0.003 closeErr=0.003 clean=True | 2.58s avg=2.72s eta=5.5m | clean 364/419
[420/540] x=+0.620 y=+0.282 rep0 rise=0.094 deliver=0.002 closeErr=0.001 clean=True | 2.58s avg=2.72s eta=5.4m | clean 365/420
[421/540] x=+0.650 y=-0.288 rep0 rise=0.095 deliver=0.003 closeErr=0.002 clean=True | 2.59s avg=2.72s eta=5.4m | clean 366/421
[422/540] x=+0.650 y=-0.258 rep0 rise=0.095 deliver=0.003 closeErr=0.000 clean=True | 2.58s avg=2.72s eta=5.3m | clean 367/422
[423/540] x=+0.650 y=-0.228 rep0 rise=0.094 deliver=0.003 closeErr=0.003 clean=True | 2.58s avg=2.72s eta=5.3m | clean 368/423
[424/540] x=+0.650 y=-0.198 rep0 rise=0.094 deliver=0.002 closeErr=0.003 clean=True | 2.57s avg=2.72s eta=5.3m | clean 369/424
[425/540] x=+0.650 y=-0.168 rep0 rise=0.094 deliver=0.003 closeErr=0.001 clean=True | 2.55s avg=2.72s eta=5.2m | clean 370/425
[426/540] x=+0.650 y=-0.138 rep0 rise=0.094 deliver=0.002 closeErr=0.002 clean=True | 2.54s avg=2.72s eta=5.2m | clean 371/426
[427/540] x=+0.650 y=-0.108 rep0 rise=0.094 deliver=0.003 closeErr=0.001 clean=True | 2.54s avg=2.72s eta=5.1m | clean 372/427
[428/540] x=+0.650 y=-0.078 rep0 rise=0.094 deliver=0.003 closeErr=0.002 clean=True | 2.55s avg=2.72s eta=5.1m | clean 373/428
[429/540] x=+0.650 y=-0.048 rep0 rise=0.094 deliver=0.003 closeErr=0.002 clean=True | 2.54s avg=2.72s eta=5.0m | clean 374/429
[430/540] x=+0.650 y=-0.018 rep0 rise=0.094 deliver=0.003 closeErr=0.001 clean=True | 2.55s avg=2.72s eta=5.0m | clean 375/430
[431/540] x=+0.650 y=+0.012 rep0 rise=0.094 deliver=0.003 closeErr=0.000 clean=True | 2.53s avg=2.72s eta=4.9m | clean 376/431
[432/540] x=+0.650 y=+0.042 rep0 rise=0.094 deliver=0.002 closeErr=0.003 clean=True | 2.54s avg=2.71s eta=4.9m | clean 377/432
[433/540] x=+0.650 y=+0.072 rep0 rise=0.094 deliver=0.003 closeErr=0.001 clean=True | 2.55s avg=2.71s eta=4.8m | clean 378/433
[434/540] x=+0.650 y=+0.102 rep0 rise=0.094 deliver=0.002 closeErr=0.002 clean=True | 2.55s avg=2.71s eta=4.8m | clean 379/434
[435/540] x=+0.650 y=+0.132 rep0 rise=0.094 deliver=0.003 closeErr=0.002 clean=True | 2.56s avg=2.71s eta=4.7m | clean 380/435
[436/540] x=+0.650 y=+0.162 rep0 rise=0.094 deliver=0.003 closeErr=0.000 clean=True | 2.54s avg=2.71s eta=4.7m | clean 381/436
[437/540] x=+0.650 y=+0.192 rep0 rise=0.094 deliver=0.003 closeErr=0.002 clean=True | 2.58s avg=2.71s eta=4.7m | clean 382/437
[438/540] x=+0.650 y=+0.222 rep0 rise=0.094 deliver=0.003 closeErr=0.003 clean=True | 2.59s avg=2.71s eta=4.6m | clean 383/438
[439/540] x=+0.650 y=+0.252 rep0 rise=0.095 deliver=0.003 closeErr=0.003 clean=True | 2.60s avg=2.71s eta=4.6m | clean 384/439
[440/540] x=+0.650 y=+0.282 rep0 rise=0.095 deliver=0.003 closeErr=0.003 clean=True | 2.60s avg=2.71s eta=4.5m | clean 385/440
[441/540] x=+0.680 y=-0.288 rep0 rise=0.234 deliver=0.396 closeErr=0.405 clean=False | 35.03s avg=2.79s eta=4.6m | clean 385/441
[442/540] x=+0.680 y=-0.258 rep0 rise=0.099 deliver=0.103 closeErr=0.103 clean=False | 33.82s avg=2.86s eta=4.7m | clean 385/442
[443/540] x=+0.680 y=-0.228 rep0 rise=0.095 deliver=0.003 closeErr=0.002 clean=True | 5.83s avg=2.86s eta=4.6m | clean 386/443
[444/540] x=+0.680 y=-0.198 rep0 rise=0.095 deliver=0.002 closeErr=0.001 clean=True | 2.57s avg=2.86s eta=4.6m | clean 387/444
[445/540] x=+0.680 y=-0.168 rep0 rise=0.095 deliver=0.003 closeErr=0.003 clean=True | 2.59s avg=2.86s eta=4.5m | clean 388/445
[446/540] x=+0.680 y=-0.138 rep0 rise=0.095 deliver=0.003 closeErr=0.000 clean=True | 2.56s avg=2.86s eta=4.5m | clean 389/446
[447/540] x=+0.680 y=-0.108 rep0 rise=0.094 deliver=0.003 closeErr=0.002 clean=True | 2.58s avg=2.86s eta=4.4m | clean 390/447
[448/540] x=+0.680 y=-0.078 rep0 rise=0.095 deliver=0.003 closeErr=0.001 clean=True | 2.55s avg=2.86s eta=4.4m | clean 391/448
[449/540] x=+0.680 y=-0.048 rep0 rise=0.094 deliver=0.003 closeErr=0.002 clean=True | 2.56s avg=2.86s eta=4.3m | clean 392/449
[450/540] x=+0.680 y=-0.018 rep0 rise=0.094 deliver=0.002 closeErr=0.002 clean=True | 2.55s avg=2.86s eta=4.3m | clean 393/450
[451/540] x=+0.680 y=+0.012 rep0 rise=0.094 deliver=0.003 closeErr=0.001 clean=True | 2.56s avg=2.86s eta=4.2m | clean 394/451
[452/540] x=+0.680 y=+0.042 rep0 rise=0.095 deliver=0.003 closeErr=0.001 clean=True | 2.55s avg=2.86s eta=4.2m | clean 395/452
[453/540] x=+0.680 y=+0.072 rep0 rise=0.094 deliver=0.003 closeErr=0.002 clean=True | 2.57s avg=2.86s eta=4.1m | clean 396/453
[454/540] x=+0.680 y=+0.102 rep0 rise=0.094 deliver=0.003 closeErr=0.001 clean=True | 2.57s avg=2.86s eta=4.1m | clean 397/454
[455/540] x=+0.680 y=+0.132 rep0 rise=0.094 deliver=0.003 closeErr=0.002 clean=True | 2.60s avg=2.85s eta=4.0m | clean 398/455
[456/540] x=+0.680 y=+0.162 rep0 rise=0.095 deliver=0.003 closeErr=0.001 clean=True | 2.58s avg=2.85s eta=4.0m | clean 399/456
[457/540] x=+0.680 y=+0.192 rep0 rise=0.095 deliver=0.003 closeErr=0.002 clean=True | 2.60s avg=2.85s eta=3.9m | clean 400/457
[458/540] x=+0.680 y=+0.222 rep0 rise=0.095 deliver=0.003 closeErr=0.003 clean=True | 4.51s avg=2.86s eta=3.9m | clean 401/458
[459/540] x=+0.680 y=+0.252 rep0 rise=0.141 deliver=0.208 closeErr=0.212 clean=False | 22.99s avg=2.90s eta=3.9m | clean 401/459
[460/540] x=+0.680 y=+0.282 rep0 rise=0.089 deliver=0.070 closeErr=0.070 clean=False | 34.78s avg=2.97s eta=4.0m | clean 401/460
[461/540] x=+0.710 y=-0.288 rep0 rise=0.099 deliver=0.064 closeErr=0.066 clean=False | 37.94s avg=3.05s eta=4.0m | clean 401/461
[462/540] x=+0.710 y=-0.258 rep0 rise=0.096 deliver=0.056 closeErr=0.058 clean=False | 37.00s avg=3.12s eta=4.1m | clean 401/462
[463/540] x=+0.710 y=-0.228 rep0 rise=0.126 deliver=0.132 closeErr=0.137 clean=False | 36.03s avg=3.19s eta=4.1m | clean 401/463
[464/540] x=+0.710 y=-0.198 rep0 rise=0.101 deliver=0.010 closeErr=0.011 clean=True | 35.21s avg=3.26s eta=4.1m | clean 402/464
[465/540] x=+0.710 y=-0.168 rep0 rise=0.108 deliver=0.140 closeErr=0.139 clean=False | 34.11s avg=3.33s eta=4.2m | clean 402/465
[466/540] x=+0.710 y=-0.138 rep0 rise=0.095 deliver=0.003 closeErr=0.001 clean=True | 14.51s avg=3.35s eta=4.1m | clean 403/466
[467/540] x=+0.710 y=-0.108 rep0 rise=0.095 deliver=0.003 closeErr=0.001 clean=True | 6.73s avg=3.36s eta=4.1m | clean 404/467
[468/540] x=+0.710 y=-0.078 rep0 rise=0.095 deliver=0.003 closeErr=0.000 clean=True | 3.82s avg=3.36s eta=4.0m | clean 405/468
[469/540] x=+0.710 y=-0.048 rep0 rise=0.095 deliver=0.002 closeErr=0.003 clean=True | 2.58s avg=3.36s eta=4.0m | clean 406/469
[470/540] x=+0.710 y=-0.018 rep0 rise=0.095 deliver=0.003 closeErr=0.001 clean=True | 2.58s avg=3.35s eta=3.9m | clean 407/470
[471/540] x=+0.710 y=+0.012 rep0 rise=0.095 deliver=0.003 closeErr=0.000 clean=True | 2.57s avg=3.35s eta=3.9m | clean 408/471
[472/540] x=+0.710 y=+0.042 rep0 rise=0.095 deliver=0.003 closeErr=0.002 clean=True | 2.58s avg=3.35s eta=3.8m | clean 409/472
[473/540] x=+0.710 y=+0.072 rep0 rise=0.095 deliver=0.003 closeErr=0.002 clean=True | 3.44s avg=3.35s eta=3.7m | clean 410/473
[474/540] x=+0.710 y=+0.102 rep0 rise=0.095 deliver=0.002 closeErr=0.002 clean=True | 5.88s avg=3.36s eta=3.7m | clean 411/474
[475/540] x=+0.710 y=+0.132 rep0 rise=0.095 deliver=0.003 closeErr=0.000 clean=True | 12.66s avg=3.38s eta=3.7m | clean 412/475
[476/540] x=+0.710 y=+0.162 rep0 rise=0.101 deliver=0.056 closeErr=0.055 clean=False | 33.95s avg=3.44s eta=3.7m | clean 412/476
[477/540] x=+0.710 y=+0.192 rep0 rise=0.082 deliver=0.011 closeErr=0.020 clean=True | 34.82s avg=3.51s eta=3.7m | clean 413/477
[478/540] x=+0.710 y=+0.222 rep0 rise=0.098 deliver=0.076 closeErr=0.078 clean=False | 35.65s avg=3.57s eta=3.7m | clean 413/478
[479/540] x=+0.710 y=+0.252 rep0 rise=0.077 deliver=0.037 closeErr=0.041 clean=False | 36.89s avg=3.64s eta=3.7m | clean 413/479
[480/540] x=+0.710 y=+0.282 rep0 rise=0.067 deliver=0.094 closeErr=0.098 clean=False | 37.73s avg=3.71s eta=3.7m | clean 413/480
[481/540] x=+0.740 y=-0.288 rep0 rise=0.111 deliver=0.113 closeErr=0.114 clean=False | 40.53s avg=3.79s eta=3.7m | clean 413/481
[482/540] x=+0.740 y=-0.258 rep0 rise=0.073 deliver=0.082 closeErr=0.084 clean=False | 39.60s avg=3.87s eta=3.7m | clean 413/482
[483/540] x=+0.740 y=-0.228 rep0 rise=0.107 deliver=0.220 closeErr=0.219 clean=False | 38.80s avg=3.94s eta=3.7m | clean 413/483
grid: 27 x-cols x 20 y-rows = 540 cells x 1 rep(s) = 540 trials
[resume] 483 trials already in /data/store/griffen_sim_mcaps/spawn_feasibility/results.jsonl
[38;5;226m[Genesis] [12:53:31] [WARNING] Filtered out geometry pairs causing self-collision for the neutral configuration (qpos0): (10, 12), (11, 12), (13, 15), (14, 15). Consider tuning Morph option 'decompose_robot_error_threshold' or specify dedicated collision meshes. This behavior can be disabled by setting Morph option 'enable_neutral_collision=True'.[0m
env built in 3.8 s (splat_bg=False, render_backend=raster)
[1/57] x=+0.740 y=-0.198 rep0 rise=0.099 deliver=0.080 closeErr=0.081 clean=False | 38.89s avg=38.89s eta=36.3m | clean 413/484
[2/57] x=+0.740 y=-0.168 rep0 rise=0.168 deliver=0.240 closeErr=0.244 clean=False | 37.11s avg=38.00s eta=34.8m | clean 413/485
[3/57] x=+0.740 y=-0.138 rep0 rise=0.131 deliver=0.172 closeErr=0.172 clean=False | 36.64s avg=37.55s eta=33.8m | clean 413/486
[4/57] x=+0.740 y=-0.108 rep0 rise=0.100 deliver=0.067 closeErr=0.058 clean=False | 36.00s avg=37.16s eta=32.8m | clean 413/487
[5/57] x=+0.740 y=-0.078 rep0 rise=0.273 deliver=0.299 closeErr=0.346 clean=False | 35.70s avg=36.87s eta=32.0m | clean 413/488
[6/57] x=+0.740 y=-0.048 rep0 rise=0.102 deliver=0.075 closeErr=0.073 clean=False | 35.24s avg=36.60s eta=31.1m | clean 413/489
[7/57] x=+0.740 y=-0.018 rep0 rise=0.110 deliver=0.092 closeErr=0.090 clean=False | 35.25s avg=36.40s eta=30.3m | clean 413/490
[8/57] x=+0.740 y=+0.012 rep0 rise=0.084 deliver=0.098 closeErr=0.100 clean=False | 35.19s avg=36.25s eta=29.6m | clean 413/491
[9/57] x=+0.740 y=+0.042 rep0 rise=0.129 deliver=0.192 closeErr=0.192 clean=False | 35.26s avg=36.14s eta=28.9m | clean 413/492
[10/57] x=+0.740 y=+0.072 rep0 rise=0.250 deliver=0.202 closeErr=0.250 clean=False | 35.54s avg=36.08s eta=28.3m | clean 413/493
[11/57] x=+0.740 y=+0.102 rep0 rise=0.149 deliver=0.165 closeErr=0.158 clean=False | 35.91s avg=36.07s eta=27.6m | clean 413/494
[12/57] x=+0.740 y=+0.132 rep0 rise=0.141 deliver=0.158 closeErr=0.163 clean=False | 41.48s avg=36.52s eta=27.4m | clean 413/495
[13/57] x=+0.740 y=+0.162 rep0 rise=0.164 deliver=0.187 closeErr=0.195 clean=False | 44.49s avg=37.13s eta=27.2m | clean 413/496
[14/57] x=+0.740 y=+0.192 rep0 rise=0.103 deliver=0.102 closeErr=0.104 clean=False | 41.55s avg=37.45s eta=26.8m | clean 413/497
[15/57] x=+0.740 y=+0.222 rep0 rise=0.110 deliver=0.073 closeErr=0.076 clean=False | 39.18s avg=37.56s eta=26.3m | clean 413/498
[16/57] x=+0.740 y=+0.252 rep0 rise=0.085 deliver=0.066 closeErr=0.068 clean=False | 39.51s avg=37.68s eta=25.7m | clean 413/499
[17/57] x=+0.740 y=+0.282 rep0 rise=0.094 deliver=0.154 closeErr=0.155 clean=False | 40.66s avg=37.86s eta=25.2m | clean 413/500
[18/57] x=+0.770 y=-0.288 rep0 rise=0.104 deliver=0.131 closeErr=0.130 clean=False | 43.04s avg=38.15s eta=24.8m | clean 413/501
[19/57] x=+0.770 y=-0.258 rep0 rise=0.105 deliver=0.119 closeErr=0.121 clean=False | 43.29s avg=38.42s eta=24.3m | clean 413/502
[20/57] x=+0.770 y=-0.228 rep0 rise=0.121 deliver=0.135 closeErr=0.138 clean=False | 41.25s avg=38.56s eta=23.8m | clean 413/503
[21/57] x=+0.770 y=-0.198 rep0 rise=0.118 deliver=0.106 closeErr=0.109 clean=False | 41.18s avg=38.68s eta=23.2m | clean 413/504
[22/57] x=+0.770 y=-0.168 rep0 rise=0.107 deliver=0.136 closeErr=0.134 clean=False | 40.48s avg=38.76s eta=22.6m | clean 413/505
[23/57] x=+0.770 y=-0.138 rep0 rise=0.090 deliver=0.091 closeErr=0.088 clean=False | 40.90s avg=38.86s eta=22.0m | clean 413/506
[24/57] x=+0.770 y=-0.108 rep0 rise=0.092 deliver=0.068 closeErr=0.070 clean=False | 43.16s avg=39.04s eta=21.5m | clean 413/507
[25/57] x=+0.770 y=-0.078 rep0 rise=0.103 deliver=0.075 closeErr=0.077 clean=False | 38.78s avg=39.03s eta=20.8m | clean 413/508
/home/grifflee/repo/xarm-sim/scripts/spawn_feasibility.py:245: RuntimeWarning: Mean of empty slice
  col = np.nanmean(clean, axis=0)  # mean over y per x column
[26/57] x=+0.770 y=-0.048 rep0 rise=0.070 deliver=0.075 closeErr=0.078 clean=False | 38.64s avg=39.01s eta=20.2m | clean 413/509
[27/57] x=+0.770 y=-0.018 rep0 rise=0.089 deliver=0.084 closeErr=0.087 clean=False | 38.55s avg=38.99s eta=19.5m | clean 413/510
[28/57] x=+0.770 y=+0.012 rep0 rise=0.089 deliver=0.059 closeErr=0.062 clean=False | 38.73s avg=38.98s eta=18.8m | clean 413/511
[29/57] x=+0.770 y=+0.042 rep0 rise=0.084 deliver=0.110 closeErr=0.112 clean=False | 38.74s avg=38.98s eta=18.2m | clean 413/512
[30/57] x=+0.770 y=+0.072 rep0 rise=0.108 deliver=0.094 closeErr=0.096 clean=False | 38.96s avg=38.98s eta=17.5m | clean 413/513
[31/57] x=+0.770 y=+0.102 rep0 rise=0.104 deliver=0.072 closeErr=0.074 clean=False | 39.25s avg=38.98s eta=16.9m | clean 413/514
[32/57] x=+0.770 y=+0.132 rep0 rise=0.089 deliver=0.070 closeErr=0.072 clean=False | 43.03s avg=39.11s eta=16.3m | clean 413/515
[33/57] x=+0.770 y=+0.162 rep0 rise=0.105 deliver=0.144 closeErr=0.142 clean=False | 40.19s avg=39.14s eta=15.7m | clean 413/516
[34/57] x=+0.770 y=+0.192 rep0 rise=0.115 deliver=0.123 closeErr=0.126 clean=False | 40.79s avg=39.19s eta=15.0m | clean 413/517
[35/57] x=+0.770 y=+0.222 rep0 rise=0.143 deliver=0.164 closeErr=0.169 clean=False | 44.79s avg=39.35s eta=14.4m | clean 413/518
[36/57] x=+0.770 y=+0.252 rep0 rise=0.136 deliver=0.169 closeErr=0.170 clean=False | 43.94s avg=39.48s eta=13.8m | clean 413/519
[37/57] x=+0.770 y=+0.282 rep0 rise=0.115 deliver=0.125 closeErr=0.128 clean=False | 42.77s avg=39.57s eta=13.2m | clean 413/520
[38/57] x=+0.800 y=-0.288 rep0 rise=0.105 deliver=0.155 closeErr=0.156 clean=False | 45.30s avg=39.72s eta=12.6m | clean 413/521
[39/57] x=+0.800 y=-0.258 rep0 rise=0.141 deliver=0.184 closeErr=0.187 clean=False | 44.59s avg=39.84s eta=12.0m | clean 413/522
[40/57] x=+0.800 y=-0.228 rep0 rise=0.112 deliver=0.131 closeErr=0.133 clean=False | 43.91s avg=39.95s eta=11.3m | clean 413/523
[41/57] x=+0.800 y=-0.198 rep0 rise=0.071 deliver=0.087 closeErr=0.092 clean=False | 43.37s avg=40.03s eta=10.7m | clean 413/524
[42/57] x=+0.800 y=-0.168 rep0 rise=0.106 deliver=0.196 closeErr=0.196 clean=False | 46.43s avg=40.18s eta=10.0m | clean 413/525
[43/57] x=+0.800 y=-0.138 rep0 rise=0.100 deliver=0.180 closeErr=0.176 clean=False | 46.53s avg=40.33s eta=9.4m | clean 413/526
[44/57] x=+0.800 y=-0.108 rep0 rise=0.061 deliver=0.135 closeErr=0.134 clean=False | 42.13s avg=40.37s eta=8.7m | clean 413/527
[45/57] x=+0.800 y=-0.078 rep0 rise=0.139 deliver=0.151 closeErr=0.154 clean=False | 41.83s avg=40.40s eta=8.1m | clean 413/528
[46/57] x=+0.800 y=-0.048 rep0 rise=0.114 deliver=0.193 closeErr=0.193 clean=False | 43.26s avg=40.46s eta=7.4m | clean 413/529
[47/57] x=+0.800 y=-0.018 rep0 rise=0.137 deliver=0.144 closeErr=0.147 clean=False | 49.04s avg=40.65s eta=6.8m | clean 413/530
[48/57] x=+0.800 y=+0.012 rep0 rise=0.106 deliver=0.092 closeErr=0.094 clean=False | 48.74s avg=40.82s eta=6.1m | clean 413/531
[49/57] x=+0.800 y=+0.042 rep0 rise=0.115 deliver=0.115 closeErr=0.115 clean=False | 48.78s avg=40.98s eta=5.5m | clean 413/532
[50/57] x=+0.800 y=+0.072 rep0 rise=0.113 deliver=0.115 closeErr=0.118 clean=False | 49.26s avg=41.14s eta=4.8m | clean 413/533
[51/57] x=+0.800 y=+0.102 rep0 rise=0.112 deliver=0.111 closeErr=0.113 clean=False | 49.13s avg=41.30s eta=4.1m | clean 413/534
[52/57] x=+0.800 y=+0.132 rep0 rise=0.081 deliver=0.099 closeErr=0.100 clean=False | 49.70s avg=41.46s eta=3.5m | clean 413/535
[53/57] x=+0.800 y=+0.162 rep0 rise=0.108 deliver=0.117 closeErr=0.119 clean=False | 43.57s avg=41.50s eta=2.8m | clean 413/536
[54/57] x=+0.800 y=+0.192 rep0 rise=0.122 deliver=0.140 closeErr=0.141 clean=False | 47.87s avg=41.62s eta=2.1m | clean 413/537
[55/57] x=+0.800 y=+0.222 rep0 rise=0.094 deliver=0.125 closeErr=0.127 clean=False | 43.55s avg=41.66s eta=1.4m | clean 413/538
[56/57] x=+0.800 y=+0.252 rep0 rise=0.040 deliver=0.122 closeErr=0.138 clean=False | 45.47s avg=41.72s eta=0.7m | clean 413/539
[57/57] x=+0.800 y=+0.282 rep0 rise=0.134 deliver=0.200 closeErr=0.200 clean=False | 45.07s avg=41.78s eta=0.0m | clean 413/540

sweep done: 540 trials, clean success 77.2% (raw 85.6%), errors 0
recommended rectangle_x = (0.170, 0.680) m = (6.7, 26.8) in from base; 98.9% success inside
-> /data/store/griffen_sim_mcaps/spawn_feasibility/feasibility.png
